<html>
<body>
<pre>
<h1>µVision Build Log</h1>
<h2>Tool Versions:</h2>
IDE-Version: µVision V5.18a
Copyright (C) 2016 ARM Ltd and ARM Germany GmbH. All rights reserved.
License Information: Tanner Leland, Inspired LED, LIC=----
 
Tool Versions:
Toolchain:       MDK-Lite  Version: 5.18a
Toolchain Path:  C:\Keil_v5\ARM\ARMCC\Bin
C Compiler:      Armcc.exe V5.06 update 1 (build 61)
Assembler:       Armasm.exe V5.06 update 1 (build 61)
Linker/Locator:  ArmLink.exe V5.06 update 1 (build 61)
Library Manager: ArmAr.exe V5.06 update 1 (build 61)
Hex Converter:   FromElf.exe V5.06 update 1 (build 61)
CPU DLL:         
Dialog DLL:      
Target DLL:      Segger\JL2CM3.dll V2.99.19.0
Dialog DLL:      TCM.DLL V1.14.8.0
 
<h2>Project:</h2>
C:\nRF5_SDK_15.0.0_a53641a\examples\ble_peripheral\HUB\pca10040\s132\arm5_no_packs\ble_app_blinky_pca10040_s132.uvprojx
Project File Date:  12/04/2018

<h2>Output:</h2>
*** Using Compiler 'V5.06 update 1 (build 61)', folder: 'C:\Keil_v5\ARM\ARMCC\Bin'
Rebuild target 'nrf52832_xxaa'
compiling enocean.c...
compiling hub.c...
hub.c(151): warning:  #177-D: variable "recipientID" was declared but never referenced
  	uint32_t recipientID = (packet[10] << 24) | (packet[11] << 16) | (packet[12] << 8) | (packet[13] << 0);
hub.c: 1 warning, 0 errors
compiling system.c...
compiling main.c...
compiling radio.c...
radio.c(367): warning:  #177-D: variable "rssi" was declared but never referenced
  	int8_t					rssi					= adv_report->rssi;																													//Received signal strength
radio.c(647): warning:  #177-D: variable "color2" was declared but never referenced
  	uint16_t color2 		= (data[8]  <<  8) | (data[9]  <<  0);
radio.c(648): warning:  #177-D: variable "color3" was declared but never referenced
  	uint16_t color3 		= (data[10] <<  8) | (data[11] <<  0);
radio.c(649): warning:  #177-D: variable "color4" was declared but never referenced
  	uint16_t color4			= (data[12] <<  8) | (data[13] <<  0);
radio.c(664): warning:  #177-D: variable "day" was declared but never referenced
  	uint8_t day			= data[0];
radio.c(665): warning:  #177-D: variable "hour" was declared but never referenced
  	uint8_t hour		= data[1];
radio.c(666): warning:  #177-D: variable "minute" was declared but never referenced
  	uint8_t minute	= data[2];
radio.c(667): warning:  #177-D: variable "second" was declared but never referenced
  	uint8_t second	= data[3];
radio.c: 8 warnings, 0 errors
compiling hub_service.c...
compiling ble_advdata.c...
compiling boards.c...
compiling ble_srv_common.c...
compiling ble_conn_params.c...
compiling ble_conn_state.c...
compiling ble_db_discovery.c...
compiling nrf_ble_gatt.c...
compiling nrf_ble_qwr.c...
compiling ble_lbs.c...
compiling nrf_drv_uart.c...
compiling nrf_drv_clock.c...
compiling nrfx_clock.c...
compiling nrfx_power_clock.c...
compiling nrfx_gpiote.c...
compiling nrfx_prs.c...
compiling nrfx_uarte.c...
compiling nrfx_uart.c...
compiling app_error.c...
compiling app_error_handler_keil.c...
compiling app_button.c...
compiling app_error_weak.c...
compiling app_scheduler.c...
compiling app_timer.c...
compiling app_util_platform.c...
compiling hardfault_implementation.c...
compiling nrf_assert.c...
compiling nrf_atflags.c...
compiling nrf_atfifo.c...
compiling nrf_atomic.c...
compiling nrf_fprintf.c...
compiling nrf_balloc.c...
compiling nrf_fprintf_format.c...
compiling nrf_memobj.c...
compiling nrf_pwr_mgmt.c...
compiling nrf_section_iter.c...
compiling nrf_strerror.c...
compiling nrf_log_backend_rtt.c...
compiling nrf_log_backend_serial.c...
compiling nrf_log_backend_uart.c...
compiling nrf_log_default_backends.c...
compiling nrf_log_frontend.c...
compiling nrf_log_str_formatter.c...
compiling SEGGER_RTT.c...
compiling SEGGER_RTT_Syscalls_KEIL.c...
compiling SEGGER_RTT_printf.c...
compiling nrf_sdh.c...
assembling arm_startup_nrf52.s...
compiling system_nrf52.c...
compiling nrf_sdh_soc.c...
compiling nrf_sdh_ble.c...
linking...
Program Size: Code=16456 RO-data=948 RW-data=148 ZI-data=17380  
FromELF: creating hex file...
".\_build\nrf52832_xxaa.axf" - 0 Error(s), 9 Warning(s).

<h2>Software Packages used:</h2>

Package Vendor: ARM
                http://www.keil.com/pack/ARM.CMSIS.4.5.0.pack
                ARM::CMSIS:CORE:4.3.0
                CMSIS (Cortex Microcontroller Software Interface Standard)
   * Component: CORE Version: 4.3.0

Package Vendor: NordicSemiconductor
                http://developer.nordicsemi.com/nRF5_SDK/pieces/nRF_DeviceFamilyPack/NordicSemiconductor.nRF_DeviceFamilyPack.8.16.0.pack
                NordicSemiconductor::Device:Startup:8.16.0
                Nordic Semiconductor nRF ARM devices Device Family Pack.
   * Component: Startup Version: 8.16.0

<h2>Collection of Component include folders:</h2>
  C:\nRF5_SDK_15.0.0_a53641a\examples\ble_peripheral\HUB\pca10040\s132\arm5_no_packs\RTE
  C:\Keil_v5\ARM\PACK\ARM\CMSIS\4.5.0\CMSIS\Include
  C:\Keil_v5\ARM\PACK\NordicSemiconductor\nRF_DeviceFamilyPack\8.16.0\Device\Include
  C:\Keil_v5\ARM\PACK\NordicSemiconductor\nRF_DeviceFamilyPack\8.17.0\Device\Include

<h2>Collection of Component Files used:</h2>

   * Component: ARM::CMSIS:CORE:4.3.0

   * Component: NordicSemiconductor::Device:Startup:8.16.0
      Include file:  Device\Include\system_nrf52.h
      Source file:   Device\Source\arm\arm_startup_nrf52.s
      Source file:   Device\Source\system_nrf52.c
Build Time Elapsed:  00:00:32
</pre>
</body>
</html>
