Component: ARM Compiler 5.06 update 1 (build 61) Tool: armlink [4d35a8]

==============================================================================

Section Cross References

    main.o(i.broadcast_test) refers to hub.o(i.inspired_packet_send_hello_node) for inspired_packet_send_hello_node
    main.o(i.broadcast_test) refers to hub.o(i.inspired_packet_send_node_my_node) for inspired_packet_send_node_my_node
    main.o(i.broadcast_test) refers to hub.o(i.inspired_packet_send_assign_switch) for inspired_packet_send_assign_switch
    main.o(i.broadcast_test) refers to hub.o(i.inspired_packet_send_remove_switch) for inspired_packet_send_remove_switch
    main.o(i.broadcast_test) refers to hub.o(i.inspired_packet_send_change_state) for inspired_packet_send_change_state
    main.o(i.broadcast_test) refers to hub.o(i.inspired_packet_send_assign_group) for inspired_packet_send_assign_group
    main.o(i.broadcast_test) refers to main.o(.data) for count
    main.o(i.comms_test) refers to hub.o(i.inspired_packet_send_assign_switch) for inspired_packet_send_assign_switch
    main.o(i.comms_test) refers to hub.o(i.inspired_packet_send_change_state) for inspired_packet_send_change_state
    main.o(i.comms_test) refers to hub.o(.bss) for hub
    main.o(i.comms_test) refers to main.o(.data) for sent
    main.o(i.leds_init) refers to boards.o(i.bsp_board_init) for bsp_board_init
    main.o(i.main) refers to main.o(i.timers_init) for timers_init
    main.o(i.main) refers to main.o(i.leds_init) for leds_init
    main.o(i.main) refers to memseta.o(.text) for __aeabi_memclr4
    main.o(i.main) refers to system.o(i.sys_init) for sys_init
    main.o(i.main) refers to radio.o(i.packet_handler_init) for packet_handler_init
    main.o(i.main) refers to radio.o(i.ble_stack_init) for ble_stack_init
    main.o(i.main) refers to radio.o(i.gap_params_init) for gap_params_init
    main.o(i.main) refers to radio.o(i.gatt_init) for gatt_init
    main.o(i.main) refers to radio.o(i.conn_params_init) for conn_params_init
    main.o(i.main) refers to radio.o(i.services_init) for services_init
    main.o(i.main) refers to radio.o(i.advertising_init) for advertising_init
    main.o(i.main) refers to radio.o(i.advertising_start) for advertising_start
    main.o(i.main) refers to radio.o(i.observe_start) for observe_start
    main.o(i.main) refers to hub.o(.bss) for hub
    main.o(i.timers_init) refers to app_timer.o(i.app_timer_init) for app_timer_init
    enocean.o(i.enocean_switch_handler) refers to hub.o(i.hub_output) for hub_output
    enocean.o(i.enocean_switch_handler) refers to hub.o(.bss) for hub
    hub.o(i.hub_output) refers to hub.o(i.nrf_gpio_pin_set) for nrf_gpio_pin_set
    hub.o(i.hub_pins_init) refers to hub.o(i.nrf_gpio_pin_set) for nrf_gpio_pin_set
    hub.o(i.inspired_packet_handler) refers to hub.o(i.inspired_packet_send_hello_node) for inspired_packet_send_hello_node
    hub.o(i.inspired_packet_handler) refers to hub.o(i.inspired_packet_send_node_my_node) for inspired_packet_send_node_my_node
    hub.o(i.inspired_packet_handler) refers to hub.o(.bss) for hub
    hub.o(i.inspired_packet_send) refers to memseta.o(.text) for __aeabi_memclr4
    hub.o(i.inspired_packet_send) refers to hub.o(i.discretize32) for discretize32
    hub.o(i.inspired_packet_send) refers to radio.o(i.packet_push_outbox) for packet_push_outbox
    hub.o(i.inspired_packet_send) refers to hub.o(.bss) for hub
    hub.o(i.inspired_packet_send_assign_group) refers to hub.o(i.discretize32) for discretize32
    hub.o(i.inspired_packet_send_assign_group) refers to hub.o(i.inspired_packet_send) for inspired_packet_send
    hub.o(i.inspired_packet_send_assign_switch) refers to hub.o(i.discretize32) for discretize32
    hub.o(i.inspired_packet_send_assign_switch) refers to hub.o(i.inspired_packet_send) for inspired_packet_send
    hub.o(i.inspired_packet_send_change_state) refers to hub.o(i.discretize32) for discretize32
    hub.o(i.inspired_packet_send_change_state) refers to hub.o(i.discretize16) for discretize16
    hub.o(i.inspired_packet_send_change_state) refers to hub.o(i.inspired_packet_send) for inspired_packet_send
    hub.o(i.inspired_packet_send_hello_node) refers to hub.o(i.discretize32) for discretize32
    hub.o(i.inspired_packet_send_hello_node) refers to hub.o(i.inspired_packet_send) for inspired_packet_send
    hub.o(i.inspired_packet_send_node_my_node) refers to hub.o(i.discretize32) for discretize32
    hub.o(i.inspired_packet_send_node_my_node) refers to hub.o(i.inspired_packet_send) for inspired_packet_send
    hub.o(i.inspired_packet_send_remove_switch) refers to hub.o(i.discretize32) for discretize32
    hub.o(i.inspired_packet_send_remove_switch) refers to hub.o(i.inspired_packet_send) for inspired_packet_send
    radio.o(i.advertising_init) refers to memseta.o(.text) for __aeabi_memclr4
    radio.o(i.advertising_init) refers to ble_advdata.o(i.ble_advdata_encode) for ble_advdata_encode
[...]
    i.errata_31                              0x00027bdc   Section        0  system_nrf52.o(i.errata_31)
    errata_31                                0x00027bdd   Thumb Code    78  system_nrf52.o(i.errata_31)
    i.errata_32                              0x00027c30   Section        0  system_nrf52.o(i.errata_32)
    errata_32                                0x00027c31   Thumb Code    42  system_nrf52.o(i.errata_32)
    i.errata_36                              0x00027c60   Section        0  system_nrf52.o(i.errata_36)
    errata_36                                0x00027c61   Thumb Code    78  system_nrf52.o(i.errata_36)
    i.errata_37                              0x00027cb4   Section        0  system_nrf52.o(i.errata_37)
    errata_37                                0x00027cb5   Thumb Code    42  system_nrf52.o(i.errata_37)
    i.errata_57                              0x00027ce4   Section        0  system_nrf52.o(i.errata_57)
    errata_57                                0x00027ce5   Thumb Code    42  system_nrf52.o(i.errata_57)
    i.errata_66                              0x00027d14   Section        0  system_nrf52.o(i.errata_66)
    errata_66                                0x00027d15   Thumb Code    42  system_nrf52.o(i.errata_66)
    i.expired_timers_handler                 0x00027d44   Section        0  app_timer.o(i.expired_timers_handler)
    expired_timers_handler                   0x00027d45   Thumb Code    84  app_timer.o(i.expired_timers_handler)
    i.flags_encode                           0x00027d9c   Section        0  ble_advdata.o(i.flags_encode)
    flags_encode                             0x00027d9d   Thumb Code    54  ble_advdata.o(i.flags_encode)
    i.gap_params_init                        0x00027dd4   Section        0  radio.o(i.gap_params_init)
    i.gatt_init                              0x00027e4c   Section        0  radio.o(i.gatt_init)
    i.hub_output                             0x00027e70   Section        0  hub.o(i.hub_output)
    i.hub_service_init                       0x00027e9c   Section        0  hub_service.o(i.hub_service_init)
    i.hub_service_on_ble_evt                 0x00027fa4   Section        0  hub_service.o(i.hub_service_on_ble_evt)
    i.inspired_packet_handler                0x00027fc4   Section        0  hub.o(i.inspired_packet_handler)
    i.inspired_packet_send                   0x000280c0   Section        0  hub.o(i.inspired_packet_send)
    i.inspired_packet_send_assign_group      0x0002813c   Section        0  hub.o(i.inspired_packet_send_assign_group)
    i.inspired_packet_send_assign_switch     0x00028168   Section        0  hub.o(i.inspired_packet_send_assign_switch)
    i.inspired_packet_send_change_state      0x0002819c   Section        0  hub.o(i.inspired_packet_send_change_state)
    i.inspired_packet_send_hello_node        0x000281d4   Section        0  hub.o(i.inspired_packet_send_hello_node)
    i.inspired_packet_send_node_my_node      0x000281f4   Section        0  hub.o(i.inspired_packet_send_node_my_node)
    i.inspired_packet_send_remove_switch     0x00028214   Section        0  hub.o(i.inspired_packet_send_remove_switch)
    i.instance_get                           0x00028248   Section        0  ble_conn_params.o(i.instance_get)
    instance_get                             0x00028249   Thumb Code    40  ble_conn_params.o(i.instance_get)
    i.is_conn_params_ok                      0x00028274   Section        0  ble_conn_params.o(i.is_conn_params_ok)
    is_conn_params_ok                        0x00028275   Thumb Code   114  ble_conn_params.o(i.is_conn_params_ok)
    i.item_dequeue                           0x000282e6   Section        0  nrf_drv_clock.o(i.item_dequeue)
    item_dequeue                             0x000282e7   Thumb Code    12  nrf_drv_clock.o(i.item_dequeue)
    i.leds_init                              0x000282f2   Section        0  main.o(i.leds_init)
    leds_init                                0x000282f3   Thumb Code    10  main.o(i.leds_init)
    i.lfclk_stop                             0x000282fc   Section        0  nrf_drv_clock.o(i.lfclk_stop)
    lfclk_stop                               0x000282fd   Thumb Code    14  nrf_drv_clock.o(i.lfclk_stop)
    i.link_init                              0x00028310   Section        0  nrf_ble_gatt.o(i.link_init)
    link_init                                0x00028311   Thumb Code    20  nrf_ble_gatt.o(i.link_init)
    i.list_insertions_handler                0x00028324   Section        0  app_timer.o(i.list_insertions_handler)
    list_insertions_handler                  0x00028325   Thumb Code   294  app_timer.o(i.list_insertions_handler)
    i.main                                   0x00028460   Section        0  main.o(i.main)
    i.manuf_specific_data_encode             0x000284a4   Section        0  ble_advdata.o(i.manuf_specific_data_encode)
    manuf_specific_data_encode               0x000284a5   Thumb Code   118  ble_advdata.o(i.manuf_specific_data_encode)
    i.multi_qwr_conn_handle_assign           0x0002851c   Section        0  radio.o(i.multi_qwr_conn_handle_assign)
    multi_qwr_conn_handle_assign             0x0002851d   Thumb Code    80  radio.o(i.multi_qwr_conn_handle_assign)
    i.name_encode                            0x00028570   Section        0  ble_advdata.o(i.name_encode)
    name_encode                              0x00028571   Thumb Code   190  ble_advdata.o(i.name_encode)
    i.nrf_atflags_clear                      0x0002862e   Section        0  nrf_atflags.o(i.nrf_atflags_clear)
    i.nrf_atflags_get                        0x0002864c   Section        0  nrf_atflags.o(i.nrf_atflags_get)
    i.nrf_atflags_set                        0x0002866a   Section        0  nrf_atflags.o(i.nrf_atflags_set)
    i.nrf_atomic_u32_and                     0x00028688   Section        0  nrf_atomic.o(i.nrf_atomic_u32_and)
    i.nrf_atomic_u32_or                      0x0002869e   Section        0  nrf_atomic.o(i.nrf_atomic_u32_or)
    i.nrf_bitmask_bit_is_set                 0x000286b4   Section        0  nrfx_gpiote.o(i.nrf_bitmask_bit_is_set)
    nrf_bitmask_bit_is_set                   0x000286b5   Thumb Code    22  nrfx_gpiote.o(i.nrf_bitmask_bit_is_set)
    i.nrf_bitmask_bit_set                    0x000286ca   Section        0  nrfx_gpiote.o(i.nrf_bitmask_bit_set)
    nrf_bitmask_bit_set                      0x000286cb   Thumb Code    22  nrfx_gpiote.o(i.nrf_bitmask_bit_set)
    i.nrf_ble_gatt_init                      0x000286e0   Section        0  nrf_ble_gatt.o(i.nrf_ble_gatt_init)
    i.nrf_ble_gatt_on_ble_evt                0x00028714   Section        0  nrf_ble_gatt.o(i.nrf_ble_gatt_on_ble_evt)
    i.nrf_ble_qwr_conn_handle_assign         0x000287c2   Section        0  nrf_ble_qwr.o(i.nrf_ble_qwr_conn_handle_assign)
    i.nrf_ble_qwr_init                       0x000287e2   Section        0  nrf_ble_qwr.o(i.nrf_ble_qwr_init)
    i.nrf_ble_qwr_on_ble_evt                 0x00028814   Section        0  nrf_ble_qwr.o(i.nrf_ble_qwr_on_ble_evt)
    i.nrf_clock_event_check                  0x00028890   Section        0  nrfx_clock.o(i.nrf_clock_event_check)
    nrf_clock_event_check                    0x00028891   Thumb Code    18  nrfx_clock.o(i.nrf_clock_event_check)
    i.nrf_clock_event_clear                  0x000288a2   Section        0  nrfx_clock.o(i.nrf_clock_event_clear)
    nrf_clock_event_clear                    0x000288a3   Thumb Code    18  nrfx_clock.o(i.nrf_clock_event_clear)
    i.nrf_clock_int_disable                  0x000288b4   Section        0  nrfx_clock.o(i.nrf_clock_int_disable)
    nrf_clock_int_disable                    0x000288b5   Thumb Code     6  nrfx_clock.o(i.nrf_clock_int_disable)
    i.nrf_clock_task_trigger                 0x000288c0   Section        0  nrfx_clock.o(i.nrf_clock_task_trigger)
    nrf_clock_task_trigger                   0x000288c1   Thumb Code     8  nrfx_clock.o(i.nrf_clock_task_trigger)
    i.nrf_drv_clock_init                     0x000288c8   Section        0  nrf_drv_clock.o(i.nrf_drv_clock_init)
    i.nrf_drv_clock_lfclk_release            0x00028908   Section        0  nrf_drv_clock.o(i.nrf_drv_clock_lfclk_release)
    i.nrf_gpio_cfg                           0x00028938   Section        0  boards.o(i.nrf_gpio_cfg)
    nrf_gpio_cfg                             0x00028939   Thumb Code    40  boards.o(i.nrf_gpio_cfg)
    i.nrf_gpio_cfg_sense_set                 0x00028960   Section        0  nrfx_gpiote.o(i.nrf_gpio_cfg_sense_set)
    nrf_gpio_cfg_sense_set                   0x00028961   Thumb Code    50  nrfx_gpiote.o(i.nrf_gpio_cfg_sense_set)
    i.nrf_gpio_pin_read                      0x00028992   Section        0  nrfx_gpiote.o(i.nrf_gpio_pin_read)
    nrf_gpio_pin_read                        0x00028993   Thumb Code    24  nrfx_gpiote.o(i.nrf_gpio_pin_read)
    i.nrf_gpio_pin_set                       0x000289aa   Section        0  hub.o(i.nrf_gpio_pin_set)
    nrf_gpio_pin_set                         0x000289ab   Thumb Code    22  hub.o(i.nrf_gpio_pin_set)
    i.nrf_gpio_pin_write                     0x000289c0   Section        0  boards.o(i.nrf_gpio_pin_write)
    nrf_gpio_pin_write                       0x000289c1   Thumb Code    58  boards.o(i.nrf_gpio_pin_write)
    i.nrf_gpio_ports_read                    0x000289fc   Section        0  nrfx_gpiote.o(i.nrf_gpio_ports_read)
    nrf_gpio_ports_read                      0x000289fd   Thumb Code    36  nrfx_gpiote.o(i.nrf_gpio_ports_read)
    i.nrf_gpiote_event_addr_get              0x00028a24   Section        0  nrfx_gpiote.o(i.nrf_gpiote_event_addr_get)
    nrf_gpiote_event_addr_get                0x00028a25   Thumb Code     8  nrfx_gpiote.o(i.nrf_gpiote_event_addr_get)
    i.nrf_gpiote_event_clear                 0x00028a30   Section        0  nrfx_gpiote.o(i.nrf_gpiote_event_clear)
    nrf_gpiote_event_clear                   0x00028a31   Thumb Code    28  nrfx_gpiote.o(i.nrf_gpiote_event_clear)
    i.nrf_gpiote_event_is_set                0x00028a4c   Section        0  nrfx_gpiote.o(i.nrf_gpiote_event_is_set)
    nrf_gpiote_event_is_set                  0x00028a4d   Thumb Code    22  nrfx_gpiote.o(i.nrf_gpiote_event_is_set)
    i.nrf_gpiote_int_enable                  0x00028a64   Section        0  nrfx_gpiote.o(i.nrf_gpiote_int_enable)
    nrf_gpiote_int_enable                    0x00028a65   Thumb Code     6  nrfx_gpiote.o(i.nrf_gpiote_int_enable)
    i.nrf_qwr_error_handler                  0x00028a70   Section        0  radio.o(i.nrf_qwr_error_handler)
    nrf_qwr_error_handler                    0x00028a71   Thumb Code    16  radio.o(i.nrf_qwr_error_handler)
    i.nrf_sdh_ble_app_ram_start_get          0x00028a80   Section        0  nrf_sdh_ble.o(i.nrf_sdh_ble_app_ram_start_get)
    i.nrf_sdh_ble_default_cfg_set            0x00028a98   Section        0  nrf_sdh_ble.o(i.nrf_sdh_ble_default_cfg_set)
    i.nrf_sdh_ble_enable                     0x00028b3c   Section        0  nrf_sdh_ble.o(i.nrf_sdh_ble_enable)
    i.nrf_sdh_ble_evts_poll                  0x00028b60   Section        0  nrf_sdh_ble.o(i.nrf_sdh_ble_evts_poll)
    nrf_sdh_ble_evts_poll                    0x00028b61   Thumb Code   102  nrf_sdh_ble.o(i.nrf_sdh_ble_evts_poll)
    i.nrf_sdh_enable_request                 0x00028bd0   Section        0  nrf_sdh.o(i.nrf_sdh_enable_request)
    i.nrf_sdh_evts_poll                      0x00028c58   Section        0  nrf_sdh.o(i.nrf_sdh_evts_poll)
    i.nrf_sdh_is_enabled                     0x00028c88   Section        0  nrf_sdh.o(i.nrf_sdh_is_enabled)
    i.nrf_sdh_soc_evts_poll                  0x00028c94   Section        0  nrf_sdh_soc.o(i.nrf_sdh_soc_evts_poll)
    nrf_sdh_soc_evts_poll                    0x00028c95   Thumb Code    80  nrf_sdh_soc.o(i.nrf_sdh_soc_evts_poll)
    i.nrf_section_iter_get                   0x00028ce8   Section        0  nrf_sdh.o(i.nrf_section_iter_get)
    nrf_section_iter_get                     0x00028ce9   Thumb Code     6  nrf_sdh.o(i.nrf_section_iter_get)
    i.nrf_section_iter_init                  0x00028cee   Section        0  nrf_section_iter.o(i.nrf_section_iter_init)
    i.nrf_section_iter_item_set              0x00028d02   Section        0  nrf_section_iter.o(i.nrf_section_iter_item_set)
    nrf_section_iter_item_set                0x00028d03   Thumb Code    46  nrf_section_iter.o(i.nrf_section_iter_item_set)
    i.nrf_section_iter_next                  0x00028d30   Section        0  nrf_section_iter.o(i.nrf_section_iter_next)
    i.nrfx_clock_enable                      0x00028d60   Section        0  nrfx_clock.o(i.nrfx_clock_enable)
    i.nrfx_clock_init                        0x00028d74   Section        0  nrfx_clock.o(i.nrfx_clock_init)
    i.nrfx_clock_lfclk_stop                  0x00028d98   Section        0  nrfx_clock.o(i.nrfx_clock_lfclk_stop)
    i.nrfx_coredep_delay_us                  0x00028db8   Section        0  app_timer.o(i.nrfx_coredep_delay_us)
    nrfx_coredep_delay_us                    0x00028db9   Thumb Code    20  app_timer.o(i.nrfx_coredep_delay_us)
    i.nrfx_gpiote_in_event_disable           0x00028dd0   Section        0  nrfx_gpiote.o(i.nrfx_gpiote_in_event_disable)
    i.nrfx_gpiote_in_event_enable            0x00028e24   Section        0  nrfx_gpiote.o(i.nrfx_gpiote_in_event_enable)
    i.nrfx_power_clock_irq_init              0x00028ed0   Section        0  nrfx_clock.o(i.nrfx_power_clock_irq_init)
    nrfx_power_clock_irq_init                0x00028ed1   Thumb Code   140  nrfx_clock.o(i.nrfx_power_clock_irq_init)
    i.observe_start                          0x00028f68   Section        0  radio.o(i.observe_start)
    i.on_adv_report                          0x00028f80   Section        0  radio.o(i.on_adv_report)
    on_adv_report                            0x00028f81   Thumb Code   148  radio.o(i.on_adv_report)
    i.on_conn_params_update                  0x00029018   Section        0  ble_conn_params.o(i.on_conn_params_update)
    on_conn_params_update                    0x00029019   Thumb Code    48  ble_conn_params.o(i.on_conn_params_update)
    i.on_connect                             0x00029048   Section        0  ble_conn_params.o(i.on_connect)
    on_connect                               0x00029049   Thumb Code   102  ble_conn_params.o(i.on_connect)
    i.on_connected_evt                       0x000290b8   Section        0  nrf_ble_gatt.o(i.on_connected_evt)
    on_connected_evt                         0x000290b9   Thumb Code   102  nrf_ble_gatt.o(i.on_connected_evt)
    i.on_data_length_update_evt              0x00029120   Section        0  nrf_ble_gatt.o(i.on_data_length_update_evt)
    on_data_length_update_evt                0x00029121   Thumb Code    78  nrf_ble_gatt.o(i.on_data_length_update_evt)
    i.on_data_length_update_request_evt      0x00029174   Section        0  nrf_ble_gatt.o(i.on_data_length_update_request_evt)
    on_data_length_update_request_evt        0x00029175   Thumb Code    48  nrf_ble_gatt.o(i.on_data_length_update_request_evt)
    i.on_disconnect                          0x000291a4   Section        0  ble_conn_params.o(i.on_disconnect)
    on_disconnect                            0x000291a5   Thumb Code    50  ble_conn_params.o(i.on_disconnect)
    i.on_disconnected_evt                    0x000291d6   Section        0  nrf_ble_gatt.o(i.on_disconnected_evt)
    on_disconnected_evt                      0x000291d7   Thumb Code    20  nrf_ble_gatt.o(i.on_disconnected_evt)
    i.on_exchange_mtu_request_evt            0x000291ec   Section        0  nrf_ble_gatt.o(i.on_exchange_mtu_request_evt)
    on_exchange_mtu_request_evt              0x000291ed   Thumb Code   104  nrf_ble_gatt.o(i.on_exchange_mtu_request_evt)
    i.on_exchange_mtu_rsp_evt                0x00029258   Section        0  nrf_ble_gatt.o(i.on_exchange_mtu_rsp_evt)
    on_exchange_mtu_rsp_evt                  0x00029259   Thumb Code    94  nrf_ble_gatt.o(i.on_exchange_mtu_rsp_evt)
    i.on_rw_authorize_request                0x000292bc   Section        0  nrf_ble_qwr.o(i.on_rw_authorize_request)
    on_rw_authorize_request                  0x000292bd   Thumb Code   106  nrf_ble_qwr.o(i.on_rw_authorize_request)
    i.on_user_mem_release                    0x00029326   Section        0  nrf_ble_qwr.o(i.on_user_mem_release)
    on_user_mem_release                      0x00029327   Thumb Code     2  nrf_ble_qwr.o(i.on_user_mem_release)
    i.on_user_mem_request                    0x00029328   Section        0  nrf_ble_qwr.o(i.on_user_mem_request)
    on_user_mem_request                      0x00029329   Thumb Code    32  nrf_ble_qwr.o(i.on_user_mem_request)
    i.on_write                               0x00029348   Section        0  hub_service.o(i.on_write)
    on_write                                 0x00029349   Thumb Code   168  hub_service.o(i.on_write)
    i.on_write                               0x000293f0   Section        0  ble_conn_params.o(i.on_write)
    on_write                                 0x000293f1   Thumb Code    82  ble_conn_params.o(i.on_write)
    i.packet_buffer_pop                      0x00029448   Section        0  radio.o(i.packet_buffer_pop)
    packet_buffer_pop                        0x00029449   Thumb Code    80  radio.o(i.packet_buffer_pop)
    i.packet_buffer_push                     0x00029498   Section        0  radio.o(i.packet_buffer_push)
    packet_buffer_push                       0x00029499   Thumb Code   172  radio.o(i.packet_buffer_push)
    i.packet_handler                         0x00029544   Section        0  radio.o(i.packet_handler)
    i.packet_handler_init                    0x0002958c   Section        0  radio.o(i.packet_handler_init)
    i.packet_push_outbox                     0x0002959c   Section        0  radio.o(i.packet_push_outbox)
    i.packet_restore_previous                0x000295b4   Section        0  radio.o(i.packet_restore_previous)
    packet_restore_previous                  0x000295b5   Thumb Code    22  radio.o(i.packet_restore_previous)
    i.pin_in_use_by_port                     0x000295cc   Section        0  nrfx_gpiote.o(i.pin_in_use_by_port)
    pin_in_use_by_port                       0x000295cd   Thumb Code    18  nrfx_gpiote.o(i.pin_in_use_by_port)
    i.pin_in_use_by_te                       0x000295e4   Section        0  nrfx_gpiote.o(i.pin_in_use_by_te)
    pin_in_use_by_te                         0x000295e5   Thumb Code    26  nrfx_gpiote.o(i.pin_in_use_by_te)
    i.record_activate                        0x00029604   Section        0  ble_conn_state.o(i.record_activate)
    record_activate                          0x00029605   Thumb Code    34  ble_conn_state.o(i.record_activate)
    i.record_invalidate                      0x0002962c   Section        0  ble_conn_state.o(i.record_invalidate)
    record_invalidate                        0x0002962d   Thumb Code    28  ble_conn_state.o(i.record_invalidate)
    i.record_purge_disconnected              0x0002964c   Section        0  ble_conn_state.o(i.record_purge_disconnected)
    record_purge_disconnected                0x0002964d   Thumb Code    66  ble_conn_state.o(i.record_purge_disconnected)
    i.record_set_disconnected                0x00029694   Section        0  ble_conn_state.o(i.record_set_disconnected)
    record_set_disconnected                  0x00029695   Thumb Code    14  ble_conn_state.o(i.record_set_disconnected)
    i.rtc1_compare0_set                      0x000296a8   Section        0  app_timer.o(i.rtc1_compare0_set)
    rtc1_compare0_set                        0x000296a9   Thumb Code     6  app_timer.o(i.rtc1_compare0_set)
    i.rtc1_counter_get                       0x000296b4   Section        0  app_timer.o(i.rtc1_counter_get)
    rtc1_counter_get                         0x000296b5   Thumb Code     6  app_timer.o(i.rtc1_counter_get)
    i.rtc1_init                              0x000296c0   Section        0  app_timer.o(i.rtc1_init)
    rtc1_init                                0x000296c1   Thumb Code    18  app_timer.o(i.rtc1_init)
    i.rtc1_start                             0x000296d8   Section        0  app_timer.o(i.rtc1_start)
    rtc1_start                               0x000296d9   Thumb Code    48  app_timer.o(i.rtc1_start)
    i.rtc1_stop                              0x00029714   Section        0  app_timer.o(i.rtc1_stop)
    rtc1_stop                                0x00029715   Thumb Code    68  app_timer.o(i.rtc1_stop)
    i.sd_nvic_EnableIRQ                      0x0002976c   Section        0  nrf_sdh.o(i.sd_nvic_EnableIRQ)
    sd_nvic_EnableIRQ                        0x0002976d   Thumb Code   124  nrf_sdh.o(i.sd_nvic_EnableIRQ)
    i.sd_nvic_SetPriority                    0x000297f4   Section        0  nrf_sdh.o(i.sd_nvic_SetPriority)
    sd_nvic_SetPriority                      0x000297f5   Thumb Code    72  nrf_sdh.o(i.sd_nvic_SetPriority)
    i.sd_nvic_critical_region_enter          0x00029844   Section        0  app_util_platform.o(i.sd_nvic_critical_region_enter)
    sd_nvic_critical_region_enter            0x00029845   Thumb Code    90  app_util_platform.o(i.sd_nvic_critical_region_enter)
    i.sd_state_evt_handler                   0x000298ac   Section        0  nrf_drv_clock.o(i.sd_state_evt_handler)
    sd_state_evt_handler                     0x000298ad   Thumb Code    96  nrf_drv_clock.o(i.sd_state_evt_handler)
    i.sdh_request_observer_notify            0x00029914   Section        0  nrf_sdh.o(i.sdh_request_observer_notify)
    sdh_request_observer_notify              0x00029915   Thumb Code    56  nrf_sdh.o(i.sdh_request_observer_notify)
    i.sdh_state_observer_notify              0x00029950   Section        0  nrf_sdh.o(i.sdh_state_observer_notify)
    sdh_state_observer_notify                0x00029951   Thumb Code    48  nrf_sdh.o(i.sdh_state_observer_notify)
    i.send_error_evt                         0x00029984   Section        0  ble_conn_params.o(i.send_error_evt)
    send_error_evt                           0x00029985   Thumb Code    20  ble_conn_params.o(i.send_error_evt)
    i.send_update_request                    0x0002999c   Section        0  ble_conn_params.o(i.send_update_request)
    send_update_request                      0x0002999d   Thumb Code    36  ble_conn_params.o(i.send_update_request)
    i.service_data_encode                    0x000299c0   Section        0  ble_advdata.o(i.service_data_encode)
    service_data_encode                      0x000299c1   Thumb Code   150  ble_advdata.o(i.service_data_encode)
    i.service_handler_assign_group           0x00029a56   Section        0  radio.o(i.service_handler_assign_group)
    service_handler_assign_group             0x00029a57   Thumb Code    66  radio.o(i.service_handler_assign_group)
    i.service_handler_assign_switch          0x00029a98   Section        0  radio.o(i.service_handler_assign_switch)
    service_handler_assign_switch            0x00029a99   Thumb Code    70  radio.o(i.service_handler_assign_switch)
    i.service_handler_change_state           0x00029ade   Section        0  radio.o(i.service_handler_change_state)
    service_handler_change_state             0x00029adf   Thumb Code    84  radio.o(i.service_handler_change_state)
    i.service_handler_remove_switch          0x00029b32   Section        0  radio.o(i.service_handler_remove_switch)
    service_handler_remove_switch            0x00029b33   Thumb Code    70  radio.o(i.service_handler_remove_switch)
    i.service_handler_set_time               0x00029b78   Section        0  radio.o(i.service_handler_set_time)
    service_handler_set_time                 0x00029b79   Thumb Code    16  radio.o(i.service_handler_set_time)
    i.services_init                          0x00029b88   Section        0  radio.o(i.services_init)
    i.soc_evt_handler                        0x00029c20   Section        0  nrf_drv_clock.o(i.soc_evt_handler)
    soc_evt_handler                          0x00029c21   Thumb Code    22  nrf_drv_clock.o(i.soc_evt_handler)
    i.softdevices_evt_irq_enable             0x00029c3c   Section        0  nrf_sdh.o(i.softdevices_evt_irq_enable)
    softdevices_evt_irq_enable               0x00029c3d   Thumb Code    30  nrf_sdh.o(i.softdevices_evt_irq_enable)
    i.swi_interrupt_priority_workaround      0x00029c5a   Section        0  nrf_sdh.o(i.swi_interrupt_priority_workaround)
    swi_interrupt_priority_workaround        0x00029c5b   Thumb Code    60  nrf_sdh.o(i.swi_interrupt_priority_workaround)
    i.sys_init                               0x00029c98   Section        0  system.o(i.sys_init)
    i.sys_task                               0x00029d10   Section        0  system.o(i.sys_task)
    i.ticks_diff_get                         0x00029d38   Section        0  app_timer.o(i.ticks_diff_get)
    ticks_diff_get                           0x00029d39   Thumb Code    10  app_timer.o(i.ticks_diff_get)
    i.timeout_handler_exec                   0x00029d42   Section        0  app_timer.o(i.timeout_handler_exec)
    timeout_handler_exec                     0x00029d43   Thumb Code    12  app_timer.o(i.timeout_handler_exec)
    i.timer_list_handler                     0x00029d50   Section        0  app_timer.o(i.timer_list_handler)
    timer_list_handler                       0x00029d51   Thumb Code    68  app_timer.o(i.timer_list_handler)
    i.timer_list_handler_sched               0x00029da0   Section        0  app_timer.o(i.timer_list_handler_sched)
    timer_list_handler_sched                 0x00029da1   Thumb Code    10  app_timer.o(i.timer_list_handler_sched)
    i.timer_list_insert                      0x00029dac   Section        0  app_timer.o(i.timer_list_insert)
    timer_list_insert                        0x00029dad   Thumb Code    98  app_timer.o(i.timer_list_insert)
    i.timer_list_remove                      0x00029e14   Section        0  app_timer.o(i.timer_list_remove)
    timer_list_remove                        0x00029e15   Thumb Code   118  app_timer.o(i.timer_list_remove)
    i.timer_start_op_schedule                0x00029e9c   Section        0  app_timer.o(i.timer_start_op_schedule)
    timer_start_op_schedule                  0x00029e9d   Thumb Code    94  app_timer.o(i.timer_start_op_schedule)
    i.timer_stop_op_schedule                 0x00029efa   Section        0  app_timer.o(i.timer_stop_op_schedule)
    timer_stop_op_schedule                   0x00029efb   Thumb Code    66  app_timer.o(i.timer_stop_op_schedule)
    i.timer_timeouts_check                   0x00029f3c   Section        0  app_timer.o(i.timer_timeouts_check)
    timer_timeouts_check                     0x00029f3d   Thumb Code   130  app_timer.o(i.timer_timeouts_check)
    i.timer_timeouts_check_sched             0x00029fd4   Section        0  app_timer.o(i.timer_timeouts_check_sched)
    timer_timeouts_check_sched               0x00029fd5   Thumb Code    10  app_timer.o(i.timer_timeouts_check_sched)
    i.timers_init                            0x00029fde   Section        0  main.o(i.timers_init)
    timers_init                              0x00029fdf   Thumb Code    14  main.o(i.timers_init)
    i.tx_power_level_encode                  0x00029fec   Section        0  ble_advdata.o(i.tx_power_level_encode)
    tx_power_level_encode                    0x00029fed   Thumb Code    54  ble_advdata.o(i.tx_power_level_encode)
    i.uint16_decode                          0x0002a022   Section        0  ble_srv_common.o(i.uint16_decode)
    uint16_decode                            0x0002a023   Thumb Code    12  ble_srv_common.o(i.uint16_decode)
    i.uint16_encode                          0x0002a02e   Section        0  ble_advdata.o(i.uint16_encode)
    uint16_encode                            0x0002a02f   Thumb Code    12  ble_advdata.o(i.uint16_encode)
    i.update_timeout_handler                 0x0002a03c   Section        0  ble_conn_params.o(i.update_timeout_handler)
    update_timeout_handler                   0x0002a03d   Thumb Code   110  ble_conn_params.o(i.update_timeout_handler)
    i.user_mem_reply                         0x0002a0b0   Section        0  nrf_ble_qwr.o(i.user_mem_reply)
    user_mem_reply                           0x0002a0b1   Thumb Code    44  nrf_ble_qwr.o(i.user_mem_reply)
    i.user_op_alloc                          0x0002a0dc   Section        0  app_timer.o(i.user_op_alloc)
    user_op_alloc                            0x0002a0dd   Thumb Code    56  app_timer.o(i.user_op_alloc)
    i.user_op_enque                          0x0002a118   Section        0  app_timer.o(i.user_op_enque)
    user_op_enque                            0x0002a119   Thumb Code     6  app_timer.o(i.user_op_enque)
    i.uuid_list_encode                       0x0002a124   Section        0  ble_advdata.o(i.uuid_list_encode)
    uuid_list_encode                         0x0002a125   Thumb Code    78  ble_advdata.o(i.uuid_list_encode)
    i.uuid_list_sized_encode                 0x0002a172   Section        0  ble_advdata.o(i.uuid_list_sized_encode)
    uuid_list_sized_encode                   0x0002a173   Thumb Code   214  ble_advdata.o(i.uuid_list_sized_encode)
    .constdata                               0x0002a248   Section        4  radio.o(.constdata)
    .constdata                               0x0002a24c   Section       16  hub_service.o(.constdata)
    .constdata                               0x0002a25c   Section        8  boards.o(.constdata)
    m_board_led_list                         0x0002a25c   Data           4  boards.o(.constdata)
    m_board_btn_list                         0x0002a260   Data           4  boards.o(.constdata)
    .constdata                               0x0002a264   Section       22  nrf_ble_gatt.o(.constdata)
    .constdata                               0x0002a27c   Section       62  nrfx_gpiote.o(.constdata)
    __func__                                 0x0002a280   Data          17  nrfx_gpiote.o(.constdata)
    __func__                                 0x0002a291   Data          21  nrfx_gpiote.o(.constdata)
    __func__                                 0x0002a2a6   Data          20  nrfx_gpiote.o(.constdata)
    .constdata                               0x0002a2bc   Section        7  app_button.o(.constdata)
    m_detection_delay_timer_id               0x0002a2bc   Data           4  app_button.o(.constdata)
    .constdata                               0x0002a2d0   Section        6  app_timer.o(.constdata)
    delay_bytecode                           0x0002a2d0   Data           6  app_timer.o(.constdata)
    .constdata                               0x0002a2d8   Section       88  nrf_sdh.o(.constdata)
    sdh_req_observers_array                  0x0002a2d8   Data          16  nrf_sdh.o(.constdata)
    sdh_req_observers                        0x0002a2e8   Data          12  nrf_sdh.o(.constdata)
    sdh_state_observers_array                0x0002a2f4   Data          16  nrf_sdh.o(.constdata)
    sdh_state_observers                      0x0002a304   Data          12  nrf_sdh.o(.constdata)
    sdh_stack_observers_array                0x0002a310   Data          16  nrf_sdh.o(.constdata)
    sdh_stack_observers                      0x0002a320   Data          12  nrf_sdh.o(.constdata)
    .constdata                               0x0002a330   Section       48  nrf_sdh_ble.o(.constdata)
    sdh_ble_observers_array                  0x0002a330   Data          32  nrf_sdh_ble.o(.constdata)
    sdh_ble_observers                        0x0002a350   Data          12  nrf_sdh_ble.o(.constdata)
    .constdata                               0x0002a360   Section       28  nrf_sdh_soc.o(.constdata)
    sdh_soc_observers_array                  0x0002a360   Data          16  nrf_sdh_soc.o(.constdata)
    sdh_soc_observers                        0x0002a370   Data          12  nrf_sdh_soc.o(.constdata)
    sdh_ble_observers0                       0x0002a39c   Section        8  ble_conn_state.o(sdh_ble_observers0)
    __tagsym$$used                           0x0002a39c   Number         0  ble_conn_state.o(sdh_ble_observers0)
    m_ble_evt_observer                       0x0002a39c   Data           8  ble_conn_state.o(sdh_ble_observers0)
    sdh_ble_observers1                       0x0002a3a4   Section        8  radio.o(sdh_ble_observers1)
    __tagsym$$used                           0x0002a3a4   Number         0  radio.o(sdh_ble_observers1)
    m_gatt_obs                               0x0002a3a4   Data           8  radio.o(sdh_ble_observers1)
    sdh_ble_observers1                       0x0002a3ac   Section        8  ble_conn_params.o(sdh_ble_observers1)
    __tagsym$$used                           0x0002a3ac   Number         0  ble_conn_params.o(sdh_ble_observers1)
    m_ble_observer                           0x0002a3ac   Data           8  ble_conn_params.o(sdh_ble_observers1)
    sdh_ble_observers2                       0x0002a3b4   Section       32  radio.o(sdh_ble_observers2)
    __tagsym$$used                           0x0002a3b4   Number         0  radio.o(sdh_ble_observers2)
    m_hub_service_obs                        0x0002a3b4   Data           8  radio.o(sdh_ble_observers2)
    __tagsym$$used                           0x0002a3bc   Number         0  radio.o(sdh_ble_observers2)
    m_qwr_obs                                0x0002a3bc   Data          24  radio.o(sdh_ble_observers2)
    sdh_ble_observers3                       0x0002a3d4   Section        8  radio.o(sdh_ble_observers3)
    __tagsym$$used                           0x0002a3d4   Number         0  radio.o(sdh_ble_observers3)
    m_ble_observer                           0x0002a3d4   Data           8  radio.o(sdh_ble_observers3)
    sdh_soc_observers0                       0x0002a3dc   Section        8  nrf_drv_clock.o(sdh_soc_observers0)
    __tagsym$$used                           0x0002a3dc   Number         0  nrf_drv_clock.o(sdh_soc_observers0)
    m_soc_evt_observer                       0x0002a3dc   Data           8  nrf_drv_clock.o(sdh_soc_observers0)
    sdh_stack_observers0                     0x0002a3e4   Section        8  nrf_sdh_ble.o(sdh_stack_observers0)
    __tagsym$$used                           0x0002a3e4   Number         0  nrf_sdh_ble.o(sdh_stack_observers0)
    m_nrf_sdh_ble_evts_poll                  0x0002a3e4   Data           8  nrf_sdh_ble.o(sdh_stack_observers0)
    sdh_stack_observers0                     0x0002a3ec   Section        8  nrf_sdh_soc.o(sdh_stack_observers0)
    __tagsym$$used                           0x0002a3ec   Number         0  nrf_sdh_soc.o(sdh_stack_observers0)
    m_nrf_sdh_soc_evts_poll                  0x0002a3ec   Data           8  nrf_sdh_soc.o(sdh_stack_observers0)
    sdh_state_observers0                     0x0002a3f4   Section        8  nrf_drv_clock.o(sdh_state_observers0)
    __tagsym$$used                           0x0002a3f4   Number         0  nrf_drv_clock.o(sdh_state_observers0)
    m_sd_state_observer                      0x0002a3f4   Data           8  nrf_drv_clock.o(sdh_state_observers0)
    .data                                    0x20004f58   Section       58  radio.o(.data)
    m_conn_handle                            0x20004f58   Data           2  radio.o(.data)
    m_adv_handle                             0x20004f5a   Data           1  radio.o(.data)
    m_adv_data                               0x20004f5c   Data          16  radio.o(.data)
    m_bcast_data                             0x20004f6c   Data          16  radio.o(.data)
    observerAdBuf                            0x20004f7c   Data           8  radio.o(.data)
    scanParameters                           0x20004f84   Data          14  radio.o(.data)
    .data                                    0x20004f92   Section        8  ble_conn_params.o(.data)
    m_preferred_conn_params                  0x20004f92   Data           8  ble_conn_params.o(.data)
    .data                                    0x20004f9c   Section        8  nrfx_clock.o(.data)
    m_clock_cb                               0x20004f9c   Data           8  nrfx_clock.o(.data)
    .data                                    0x20004fa4   Section        8  nrfx_prs.o(.data)
    m_prs_box_4                              0x20004fa4   Data           8  nrfx_prs.o(.data)
    .data                                    0x20004fb0   Section       32  app_button.o(.data)
    mp_buttons                               0x20004fb0   Data           4  app_button.o(.data)
    m_button_count                           0x20004fb4   Data           1  app_button.o(.data)
    m_detection_delay                        0x20004fb8   Data           4  app_button.o(.data)
    m_pin_state                              0x20004fc0   Data           8  app_button.o(.data)
    m_pin_transition                         0x20004fc8   Data           8  app_button.o(.data)
    .data                                    0x20004fd0   Section       20  app_timer.o(.data)
    mp_timer_id_head                         0x20004fd0   Data           4  app_timer.o(.data)
    m_ticks_latest                           0x20004fd4   Data           4  app_timer.o(.data)
    m_ticks_elapsed                          0x20004fd8   Data           8  app_timer.o(.data)
    m_ticks_elapsed_q_read_ind               0x20004fe0   Data           1  app_timer.o(.data)
    m_ticks_elapsed_q_write_ind              0x20004fe1   Data           1  app_timer.o(.data)
    m_rtc1_running                           0x20004fe2   Data           1  app_timer.o(.data)
    m_rtc1_reset                             0x20004fe3   Data           1  app_timer.o(.data)
    .data                                    0x20004fe4   Section        3  nrf_sdh.o(.data)
    m_nrf_sdh_enabled                        0x20004fe4   Data           1  nrf_sdh.o(.data)
    m_nrf_sdh_suspended                      0x20004fe5   Data           1  nrf_sdh.o(.data)
    m_nrf_sdh_continue                       0x20004fe6   Data           1  nrf_sdh.o(.data)
    .data                                    0x20004fe7   Section        1  nrf_sdh_ble.o(.data)
    m_stack_is_enabled                       0x20004fe7   Data           1  nrf_sdh_ble.o(.data)
    .data                                    0x20004fe8   Section        4  system_nrf52.o(.data)
    __tagsym$$used                           0x20004fe8   Number         0  system_nrf52.o(.data)
    .bss                                     0x20004fec   Section     7668  hub.o(.bss)
    .bss                                     0x20006de0   Section      812  radio.o(.bss)
    m_hub_service                            0x20006de0   Data          72  radio.o(.bss)
    m_gatt                                   0x20006e28   Data          36  radio.o(.bss)
    m_qwr                                    0x20006e4c   Data          36  radio.o(.bss)
    m_enc_advdata                            0x20006e70   Data          31  radio.o(.bss)
    m_enc_scan_response_data                 0x20006e8f   Data          31  radio.o(.bss)
    m_enc_bcast_data                         0x200070ce   Data          31  radio.o(.bss)
    ad_buffer                                0x200070ed   Data          31  radio.o(.bss)
    .bss                                     0x2000710c   Section       84  system.o(.bss)
    sys                                      0x2000710c   Data          84  system.o(.bss)
    .bss                                     0x20007160   Section       80  ble_conn_params.o(.bss)
    m_timer_data                             0x20007160   Data          32  ble_conn_params.o(.bss)
    m_conn_params_instances                  0x20007180   Data          20  ble_conn_params.o(.bss)
    m_conn_params_config                     0x20007194   Data          28  ble_conn_params.o(.bss)
    .bss                                     0x200071b0   Section      120  ble_conn_state.o(.bss)
    m_bcs                                    0x200071b0   Data         120  ble_conn_state.o(.bss)
    .bss                                     0x20007228   Section       20  nrf_drv_clock.o(.bss)
    m_clock_cb                               0x20007228   Data          20  nrf_drv_clock.o(.bss)
    .bss                                     0x2000723c   Section       92  nrfx_gpiote.o(.bss)
    m_cb                                     0x2000723c   Data          92  nrfx_gpiote.o(.bss)
    .bss                                     0x20007298   Section       32  app_button.o(.bss)
    m_detection_delay_timer_id_data          0x20007298   Data          32  app_button.o(.bss)
    .bss                                     0x200072b8   Section      268  app_timer.o(.bss)
    m_op_queue                               0x200072b8   Data         268  app_timer.o(.bss)
    .bss                                     0x200073c4   Section       12  app_util_platform.o(.bss)
    STACK                                    0x200073d0   Section     8192  arm_startup_nrf52.o(STACK)

    Global Symbols

    Symbol Name                              Value     Ov Type        Size  Object(Section)

    BuildAttributes$$THM_ISAv4$E$P$D$K$B$S$7EM$VFPi3$EXTD16$VFPS$VFMA$PE$A:L22UL41UL21$X:L11$S22US41US21$IEEE1$IW$USESV6$~STKCKD$USESV7$~SHL$OSPACE$EBA8$MICROLIB$REQ8$EABIv2 0x00000000   Number         0  anon$$obj.o ABSOLUTE
    __ARM_use_no_argv                        0x00000000   Number         0  main.o ABSOLUTE
    __cpp_initialize__aeabi_                  - Undefined Weak Reference
    __cxa_finalize                            - Undefined Weak Reference
    __decompress                              - Undefined Weak Reference
    _clock_init                               - Undefined Weak Reference
    _microlib_exit                            - Undefined Weak Reference
    pwr_mgmt_data0$$Base                      - Undefined Reference
    pwr_mgmt_data0$$Limit                     - Undefined Reference
    pwr_mgmt_data1$$Base                      - Undefined Reference
    pwr_mgmt_data1$$Limit                     - Undefined Reference
    pwr_mgmt_data2$$Base                      - Undefined Reference
    pwr_mgmt_data2$$Limit                     - Undefined Reference
    sdh_req_observers0$$Base                  - Undefined Reference
    sdh_req_observers0$$Limit                 - Undefined Reference
    sdh_req_observers1$$Base                  - Undefined Reference
    sdh_req_observers1$$Limit                 - Undefined Reference
    sdh_soc_observers1$$Base                  - Undefined Reference
    sdh_soc_observers1$$Limit                 - Undefined Reference
    sdh_stack_observers1$$Base                - Undefined Reference
    sdh_stack_observers1$$Limit               - Undefined Reference
    sdh_state_observers1$$Base                - Undefined Reference
    sdh_state_observers1$$Limit               - Undefined Reference
    __Vectors_Size                           0x00000200   Number         0  arm_startup_nrf52.o ABSOLUTE
    __Vectors                                0x00026000   Data           4  arm_startup_nrf52.o(RESET)
    __Vectors_End                            0x00026200   Data           0  arm_startup_nrf52.o(RESET)
    __main                                   0x00026201   Thumb Code     0  entry.o(.ARM.Collect$$$$00000000)
    _main_stk                                0x00026201   Thumb Code     0  entry2.o(.ARM.Collect$$$$00000001)
    _main_scatterload                        0x00026205   Thumb Code     0  entry5.o(.ARM.Collect$$$$00000004)
    __main_after_scatterload                 0x00026209   Thumb Code     0  entry5.o(.ARM.Collect$$$$00000004)
    _main_clock                              0x00026209   Thumb Code     0  entry7b.o(.ARM.Collect$$$$00000008)
    _main_cpp_init                           0x00026209   Thumb Code     0  entry8b.o(.ARM.Collect$$$$0000000A)
    _main_init                               0x00026209   Thumb Code     0  entry9a.o(.ARM.Collect$$$$0000000B)
    __rt_final_cpp                           0x00026211   Thumb Code     0  entry10a.o(.ARM.Collect$$$$0000000D)
    __rt_final_exit                          0x00026211   Thumb Code     0  entry11a.o(.ARM.Collect$$$$0000000F)
    __asm___12_nrf_atomic_c_85ca2469__nrf_atomic_internal_mov 0x00026215   Thumb Code    24  nrf_atomic.o(.emb_text)
    __asm___12_nrf_atomic_c_85ca2469__nrf_atomic_internal_orr 0x0002622d   Thumb Code    26  nrf_atomic.o(.emb_text)
    __asm___12_nrf_atomic_c_85ca2469__nrf_atomic_internal_and 0x00026247   Thumb Code    26  nrf_atomic.o(.emb_text)
    __asm___12_nrf_atomic_c_85ca2469__nrf_atomic_internal_eor 0x00026261   Thumb Code    26  nrf_atomic.o(.emb_text)
    __asm___12_nrf_atomic_c_85ca2469__nrf_atomic_internal_add 0x0002627b   Thumb Code    26  nrf_atomic.o(.emb_text)
    __asm___12_nrf_atomic_c_85ca2469__nrf_atomic_internal_sub 0x00026295   Thumb Code    26  nrf_atomic.o(.emb_text)
    __asm___12_nrf_atomic_c_85ca2469__nrf_atomic_internal_cmp_exch 0x000262af   Thumb Code    42  nrf_atomic.o(.emb_text)
    __asm___12_nrf_atomic_c_85ca2469__nrf_atomic_internal_sub_hs 0x000262d9   Thumb Code    30  nrf_atomic.o(.emb_text)
    Reset_Handler                            0x000262f9   Thumb Code     8  arm_startup_nrf52.o(.text)
    NMI_Handler                              0x00026301   Thumb Code     2  arm_startup_nrf52.o(.text)
    HardFault_Handler                        0x00026303   Thumb Code     2  arm_startup_nrf52.o(.text)
    MemoryManagement_Handler                 0x00026305   Thumb Code     2  arm_startup_nrf52.o(.text)
    BusFault_Handler                         0x00026307   Thumb Code     2  arm_startup_nrf52.o(.text)
    UsageFault_Handler                       0x00026309   Thumb Code     2  arm_startup_nrf52.o(.text)
    SVC_Handler                              0x0002630b   Thumb Code     2  arm_startup_nrf52.o(.text)
    DebugMon_Handler                         0x0002630d   Thumb Code     2  arm_startup_nrf52.o(.text)
    PendSV_Handler                           0x0002630f   Thumb Code     2  arm_startup_nrf52.o(.text)
    CCM_AAR_IRQHandler                       0x00026313   Thumb Code     0  arm_startup_nrf52.o(.text)
    COMP_LPCOMP_IRQHandler                   0x00026313   Thumb Code     0  arm_startup_nrf52.o(.text)
    ECB_IRQHandler                           0x00026313   Thumb Code     0  arm_startup_nrf52.o(.text)
    FPU_IRQHandler                           0x00026313   Thumb Code     0  arm_startup_nrf52.o(.text)
    I2S_IRQHandler                           0x00026313   Thumb Code     0  arm_startup_nrf52.o(.text)
    MWU_IRQHandler                           0x00026313   Thumb Code     0  arm_startup_nrf52.o(.text)
    NFCT_IRQHandler                          0x00026313   Thumb Code     0  arm_startup_nrf52.o(.text)
    PDM_IRQHandler                           0x00026313   Thumb Code     0  arm_startup_nrf52.o(.text)
    PWM0_IRQHandler                          0x00026313   Thumb Code     0  arm_startup_nrf52.o(.text)
    PWM1_IRQHandler                          0x00026313   Thumb Code     0  arm_startup_nrf52.o(.text)
    PWM2_IRQHandler                          0x00026313   Thumb Code     0  arm_startup_nrf52.o(.text)
    QDEC_IRQHandler                          0x00026313   Thumb Code     0  arm_startup_nrf52.o(.text)
    RADIO_IRQHandler                         0x00026313   Thumb Code     0  arm_startup_nrf52.o(.text)
    RNG_IRQHandler                           0x00026313   Thumb Code     0  arm_startup_nrf52.o(.text)
    RTC0_IRQHandler                          0x00026313   Thumb Code     0  arm_startup_nrf52.o(.text)
    RTC2_IRQHandler                          0x00026313   Thumb Code     0  arm_startup_nrf52.o(.text)
    SAADC_IRQHandler                         0x00026313   Thumb Code     0  arm_startup_nrf52.o(.text)
    SPIM0_SPIS0_TWIM0_TWIS0_SPI0_TWI0_IRQHandler 0x00026313   Thumb Code     0  arm_startup_nrf52.o(.text)
    SPIM1_SPIS1_TWIM1_TWIS1_SPI1_TWI1_IRQHandler 0x00026313   Thumb Code     0  arm_startup_nrf52.o(.text)
    SPIM2_SPIS2_SPI2_IRQHandler              0x00026313   Thumb Code     0  arm_startup_nrf52.o(.text)
    SWI1_EGU1_IRQHandler                     0x00026313   Thumb Code     0  arm_startup_nrf52.o(.text)
    SWI3_EGU3_IRQHandler                     0x00026313   Thumb Code     0  arm_startup_nrf52.o(.text)
    SWI4_EGU4_IRQHandler                     0x00026313   Thumb Code     0  arm_startup_nrf52.o(.text)
    SWI5_EGU5_IRQHandler                     0x00026313   Thumb Code     0  arm_startup_nrf52.o(.text)
    TEMP_IRQHandler                          0x00026313   Thumb Code     0  arm_startup_nrf52.o(.text)
    TIMER0_IRQHandler                        0x00026313   Thumb Code     0  arm_startup_nrf52.o(.text)
    TIMER1_IRQHandler                        0x00026313   Thumb Code     0  arm_startup_nrf52.o(.text)
    TIMER2_IRQHandler                        0x00026313   Thumb Code     0  arm_startup_nrf52.o(.text)
    TIMER3_IRQHandler                        0x00026313   Thumb Code     0  arm_startup_nrf52.o(.text)
    TIMER4_IRQHandler                        0x00026313   Thumb Code     0  arm_startup_nrf52.o(.text)
    WDT_IRQHandler                           0x00026313   Thumb Code     0  arm_startup_nrf52.o(.text)
    __aeabi_memcpy                           0x0002631d   Thumb Code    36  memcpya.o(.text)
    __aeabi_memcpy4                          0x0002631d   Thumb Code     0  memcpya.o(.text)
    __aeabi_memcpy8                          0x0002631d   Thumb Code     0  memcpya.o(.text)
    __aeabi_memset                           0x00026341   Thumb Code    14  memseta.o(.text)
    __aeabi_memset4                          0x00026341   Thumb Code     0  memseta.o(.text)
    __aeabi_memset8                          0x00026341   Thumb Code     0  memseta.o(.text)
    __aeabi_memclr                           0x0002634f   Thumb Code     4  memseta.o(.text)
    __aeabi_memclr4                          0x0002634f   Thumb Code     0  memseta.o(.text)
    __aeabi_memclr8                          0x0002634f   Thumb Code     0  memseta.o(.text)
    _memset$wrapper                          0x00026353   Thumb Code    18  memseta.o(.text)
    __scatterload                            0x00026365   Thumb Code    28  init.o(.text)
    __scatterload_rt2                        0x00026365   Thumb Code     0  init.o(.text)
    GPIOTE_IRQHandler                        0x00026389   Thumb Code   528  nrfx_gpiote.o(i.GPIOTE_IRQHandler)
    POWER_CLOCK_IRQHandler                   0x00026615   Thumb Code    80  nrfx_clock.o(i.POWER_CLOCK_IRQHandler)
    RTC1_IRQHandler                          0x00026669   Thumb Code    44  app_timer.o(i.RTC1_IRQHandler)
    SWI0_EGU0_IRQHandler                     0x0002669d   Thumb Code     8  app_timer.o(i.SWI0_EGU0_IRQHandler)
    SWI2_EGU2_IRQHandler                     0x000266a5   Thumb Code     8  nrf_sdh.o(i.SWI2_EGU2_IRQHandler)
    SysTick_Handler                          0x000266ad   Thumb Code    60  system.o(i.SysTick_Handler)
    SystemCoreClockUpdate                    0x000266ed   Thumb Code     8  system_nrf52.o(i.SystemCoreClockUpdate)
    SystemInit                               0x000266fd   Thumb Code   596  system_nrf52.o(i.SystemInit)
    UARTE0_UART0_IRQHandler                  0x00026995   Thumb Code    10  nrfx_prs.o(i.UARTE0_UART0_IRQHandler)
    __scatterload_copy                       0x000269a5   Thumb Code    14  handlers.o(i.__scatterload_copy)
    __scatterload_null                       0x000269b3   Thumb Code     2  handlers.o(i.__scatterload_null)
    __scatterload_zeroinit                   0x000269b5   Thumb Code    14  handlers.o(i.__scatterload_zeroinit)
    advertising_init                         0x00026c59   Thumb Code   200  radio.o(i.advertising_init)
    advertising_start                        0x00026d31   Thumb Code    38  radio.o(i.advertising_start)
    app_button_disable                       0x00026d5d   Thumb Code    38  app_button.o(i.app_button_disable)
    app_button_enable                        0x00026d91   Thumb Code    34  app_button.o(i.app_button_enable)
    app_error_fault_handler                  0x00026dbd   Thumb Code    82  app_error_weak.o(i.app_error_fault_handler)
    app_error_handler_bare                   0x00026e19   Thumb Code    28  app_error.o(i.app_error_handler_bare)
    app_timer_create                         0x00026e35   Thumb Code    56  app_timer.o(i.app_timer_create)
    app_timer_init                           0x00026e71   Thumb Code    70  app_timer.o(i.app_timer_init)
    app_timer_start                          0x00026ecd   Thumb Code    78  app_timer.o(i.app_timer_start)
    app_timer_stop                           0x00026f21   Thumb Code    44  app_timer.o(i.app_timer_stop)
    app_util_critical_region_enter           0x00026f51   Thumb Code    12  app_util_platform.o(i.app_util_critical_region_enter)
    app_util_critical_region_exit            0x00026f5d   Thumb Code    62  app_util_platform.o(i.app_util_critical_region_exit)
    ble_advdata_encode                       0x00026ff7   Thumb Code   364  ble_advdata.o(i.ble_advdata_encode)
    ble_conn_params_init                     0x00027165   Thumb Code   136  ble_conn_params.o(i.ble_conn_params_init)
    ble_srv_is_notification_enabled          0x000274e5   Thumb Code    18  ble_srv_common.o(i.ble_srv_is_notification_enabled)
    ble_stack_init                           0x000274f7   Thumb Code    44  radio.o(i.ble_stack_init)
    broadcast_packet                         0x00027525   Thumb Code   150  radio.o(i.broadcast_packet)
    bsp_board_init                           0x000275f1   Thumb Code    26  boards.o(i.bsp_board_init)
    bsp_board_led_off                        0x0002760d   Thumb Code    16  boards.o(i.bsp_board_led_off)
    bsp_board_led_on                         0x00027621   Thumb Code    16  boards.o(i.bsp_board_led_on)
    bsp_board_leds_off                       0x00027665   Thumb Code    20  boards.o(i.bsp_board_leds_off)
    conn_handle_list_get                     0x0002777d   Thumb Code    60  ble_conn_state.o(i.conn_handle_list_get)
    conn_params_init                         0x0002788d   Thumb Code    84  radio.o(i.conn_params_init)
    discretize16                             0x00027965   Thumb Code     8  hub.o(i.discretize16)
    discretize32                             0x0002796d   Thumb Code    16  hub.o(i.discretize32)
    enocean_switch_handler                   0x000279e1   Thumb Code   170  enocean.o(i.enocean_switch_handler)
    gap_params_init                          0x00027dd5   Thumb Code   116  radio.o(i.gap_params_init)
    gatt_init                                0x00027e4d   Thumb Code    32  radio.o(i.gatt_init)
    hub_output                               0x00027e71   Thumb Code    42  hub.o(i.hub_output)
    hub_service_init                         0x00027e9d   Thumb Code   260  hub_service.o(i.hub_service_init)
    hub_service_on_ble_evt                   0x00027fa5   Thumb Code    30  hub_service.o(i.hub_service_on_ble_evt)
    inspired_packet_handler                  0x00027fc5   Thumb Code   228  hub.o(i.inspired_packet_handler)
    inspired_packet_send                     0x000280c1   Thumb Code   118  hub.o(i.inspired_packet_send)
    inspired_packet_send_assign_group        0x0002813d   Thumb Code    40  hub.o(i.inspired_packet_send_assign_group)
    inspired_packet_send_assign_switch       0x00028169   Thumb Code    48  hub.o(i.inspired_packet_send_assign_switch)
    inspired_packet_send_change_state        0x0002819d   Thumb Code    52  hub.o(i.inspired_packet_send_change_state)
    inspired_packet_send_hello_node          0x000281d5   Thumb Code    28  hub.o(i.inspired_packet_send_hello_node)
    inspired_packet_send_node_my_node        0x000281f5   Thumb Code    28  hub.o(i.inspired_packet_send_node_my_node)
    inspired_packet_send_remove_switch       0x00028215   Thumb Code    48  hub.o(i.inspired_packet_send_remove_switch)
    main                                     0x00028461   Thumb Code    62  main.o(i.main)
    nrf_atflags_clear                        0x0002862f   Thumb Code    30  nrf_atflags.o(i.nrf_atflags_clear)
    nrf_atflags_get                          0x0002864d   Thumb Code    30  nrf_atflags.o(i.nrf_atflags_get)
    nrf_atflags_set                          0x0002866b   Thumb Code    30  nrf_atflags.o(i.nrf_atflags_set)
    nrf_atomic_u32_and                       0x00028689   Thumb Code    22  nrf_atomic.o(i.nrf_atomic_u32_and)
    nrf_atomic_u32_or                        0x0002869f   Thumb Code    22  nrf_atomic.o(i.nrf_atomic_u32_or)
    nrf_ble_gatt_init                        0x000286e1   Thumb Code    52  nrf_ble_gatt.o(i.nrf_ble_gatt_init)
    nrf_ble_gatt_on_ble_evt                  0x00028715   Thumb Code   174  nrf_ble_gatt.o(i.nrf_ble_gatt_on_ble_evt)
    nrf_ble_qwr_conn_handle_assign           0x000287c3   Thumb Code    32  nrf_ble_qwr.o(i.nrf_ble_qwr_conn_handle_assign)
    nrf_ble_qwr_init                         0x000287e3   Thumb Code    50  nrf_ble_qwr.o(i.nrf_ble_qwr_init)
    nrf_ble_qwr_on_ble_evt                   0x00028815   Thumb Code   124  nrf_ble_qwr.o(i.nrf_ble_qwr_on_ble_evt)
    nrf_drv_clock_init                       0x000288c9   Thumb Code    54  nrf_drv_clock.o(i.nrf_drv_clock_init)
    nrf_drv_clock_lfclk_release              0x00028909   Thumb Code    42  nrf_drv_clock.o(i.nrf_drv_clock_lfclk_release)
    nrf_sdh_ble_app_ram_start_get            0x00028a81   Thumb Code    18  nrf_sdh_ble.o(i.nrf_sdh_ble_app_ram_start_get)
    nrf_sdh_ble_default_cfg_set              0x00028a99   Thumb Code   164  nrf_sdh_ble.o(i.nrf_sdh_ble_default_cfg_set)
    nrf_sdh_ble_enable                       0x00028b3d   Thumb Code    32  nrf_sdh_ble.o(i.nrf_sdh_ble_enable)
    nrf_sdh_enable_request                   0x00028bd1   Thumb Code   116  nrf_sdh.o(i.nrf_sdh_enable_request)
    nrf_sdh_evts_poll                        0x00028c59   Thumb Code    44  nrf_sdh.o(i.nrf_sdh_evts_poll)
    nrf_sdh_is_enabled                       0x00028c89   Thumb Code     6  nrf_sdh.o(i.nrf_sdh_is_enabled)
    nrf_section_iter_init                    0x00028cef   Thumb Code    20  nrf_section_iter.o(i.nrf_section_iter_init)
    nrf_section_iter_next                    0x00028d31   Thumb Code    46  nrf_section_iter.o(i.nrf_section_iter_next)
    nrfx_clock_enable                        0x00028d61   Thumb Code    16  nrfx_clock.o(i.nrfx_clock_enable)
    nrfx_clock_init                          0x00028d75   Thumb Code    30  nrfx_clock.o(i.nrfx_clock_init)
    nrfx_clock_lfclk_stop                    0x00028d99   Thumb Code    26  nrfx_clock.o(i.nrfx_clock_lfclk_stop)
    nrfx_gpiote_in_event_disable             0x00028dd1   Thumb Code    74  nrfx_gpiote.o(i.nrfx_gpiote_in_event_disable)
    nrfx_gpiote_in_event_enable              0x00028e25   Thumb Code   164  nrfx_gpiote.o(i.nrfx_gpiote_in_event_enable)
    observe_start                            0x00028f69   Thumb Code    16  radio.o(i.observe_start)
    packet_handler                           0x00029545   Thumb Code    64  radio.o(i.packet_handler)
    packet_handler_init                      0x0002958d   Thumb Code    12  radio.o(i.packet_handler_init)
    packet_push_outbox                       0x0002959d   Thumb Code    18  radio.o(i.packet_push_outbox)
    services_init                            0x00029b89   Thumb Code   118  radio.o(i.services_init)
    sys_init                                 0x00029c99   Thumb Code   108  system.o(i.sys_init)
    sys_task                                 0x00029d11   Thumb Code    36  system.o(i.sys_task)
    m_ram_start                              0x0002a35c   Data           4  nrf_sdh_ble.o(.constdata)
    Region$$Table$$Base                      0x0002a37c   Number         0  anon$$obj.o(Region$$Table)
    Region$$Table$$Limit                     0x0002a39c   Number         0  anon$$obj.o(Region$$Table)
    sdh_ble_observers0$$Base                 0x0002a39c   Number         0  ble_conn_state.o(sdh_ble_observers0)
    sdh_ble_observers0$$Limit                0x0002a3a4   Number         0  ble_conn_state.o(sdh_ble_observers0)
    sdh_ble_observers1$$Base                 0x0002a3a4   Number         0  radio.o(sdh_ble_observers1)
    sdh_ble_observers1$$Limit                0x0002a3b4   Number         0  ble_conn_params.o(sdh_ble_observers1)
    sdh_ble_observers2$$Base                 0x0002a3b4   Number         0  radio.o(sdh_ble_observers2)
    sdh_ble_observers2$$Limit                0x0002a3d4   Number         0  radio.o(sdh_ble_observers2)
    sdh_ble_observers3$$Base                 0x0002a3d4   Number         0  radio.o(sdh_ble_observers3)
    sdh_ble_observers3$$Limit                0x0002a3dc   Number         0  radio.o(sdh_ble_observers3)
    sdh_soc_observers0$$Base                 0x0002a3dc   Number         0  nrf_drv_clock.o(sdh_soc_observers0)
    sdh_soc_observers0$$Limit                0x0002a3e4   Number         0  nrf_drv_clock.o(sdh_soc_observers0)
    sdh_stack_observers0$$Base               0x0002a3e4   Number         0  nrf_sdh_ble.o(sdh_stack_observers0)
    sdh_stack_observers0$$Limit              0x0002a3f4   Number         0  nrf_sdh_soc.o(sdh_stack_observers0)
    sdh_state_observers0$$Base               0x0002a3f4   Number         0  nrf_drv_clock.o(sdh_state_observers0)
    sdh_state_observers0$$Limit              0x0002a3fc   Number         0  nrf_drv_clock.o(sdh_state_observers0)
    Image$$RW_IRAM1$$Base                    0x20004f58   Number         0  anon$$obj.o ABSOLUTE
    SystemCoreClock                          0x20004fe8   Data           4  system_nrf52.o(.data)
    hub                                      0x20004fec   Data        7668  hub.o(.bss)
    packet_inbox                             0x20006eae   Data         272  radio.o(.bss)
    packet_outbox                            0x20006fbe   Data         272  radio.o(.bss)
    nrf_nvic_state                           0x200073c4   Data          12  app_util_platform.o(.bss)
    __initial_sp                             0x200093d0   Data           0  arm_startup_nrf52.o(STACK)



==============================================================================

Memory Map of the image

  Image Entry point : 0x00026201

  Load Region LR_IROM1 (Base: 0x00026000, Size: 0x00004490, Max: 0x0005a000, ABSOLUTE)

    Execution Region ER_IROM1 (Base: 0x00026000, Size: 0x000043fc, Max: 0x0005a000, ABSOLUTE)

    Base Addr    Size         Type   Attr      Idx    E Section Name        Object

    0x00026000   0x00000200   Data   RO         4793    RESET               arm_startup_nrf52.o
    0x00026200   0x00000000   Code   RO         4889  * .ARM.Collect$$$$00000000  mc_w.l(entry.o)
    0x00026200   0x00000004   Code   RO         4913    .ARM.Collect$$$$00000001  mc_w.l(entry2.o)
    0x00026204   0x00000004   Code   RO         4916    .ARM.Collect$$$$00000004  mc_w.l(entry5.o)
    0x00026208   0x00000000   Code   RO         4918    .ARM.Collect$$$$00000008  mc_w.l(entry7b.o)
    0x00026208   0x00000000   Code   RO         4920    .ARM.Collect$$$$0000000A  mc_w.l(entry8b.o)
    0x00026208   0x00000008   Code   RO         4921    .ARM.Collect$$$$0000000B  mc_w.l(entry9a.o)
    0x00026210   0x00000000   Code   RO         4923    .ARM.Collect$$$$0000000D  mc_w.l(entry10a.o)
    0x00026210   0x00000000   Code   RO         4925    .ARM.Collect$$$$0000000F  mc_w.l(entry11a.o)
    0x00026210   0x00000004   Code   RO         4914    .ARM.Collect$$$$00002712  mc_w.l(entry2.o)
    0x00026214   0x000000e2   Code   RO         3602    .emb_text           nrf_atomic.o
    0x000262f6   0x00000002   PAD
    0x000262f8   0x00000024   Code   RO         4794    .text               arm_startup_nrf52.o
    0x0002631c   0x00000024   Code   RO         4899    .text               mc_w.l(memcpya.o)
    0x00026340   0x00000024   Code   RO         4901    .text               mc_w.l(memseta.o)
    0x00026364   0x00000024   Code   RO         4929    .text               mc_w.l(init.o)
    0x00026388   0x0000021c   Code   RO         1985    i.GPIOTE_IRQHandler  nrfx_gpiote.o
    0x000265a4   0x00000018   Code   RO         3109    i.NVIC_ClearPendingIRQ  app_timer.o
    0x000265bc   0x00000016   Code   RO         3110    i.NVIC_EnableIRQ    app_timer.o
    0x000265d2   0x00000002   PAD
    0x000265d4   0x00000018   Code   RO         3111    i.NVIC_SetPendingIRQ  app_timer.o
    0x000265ec   0x00000028   Code   RO         3112    i.NVIC_SetPriority  app_timer.o
    0x00026614   0x00000054   Code   RO         1828    i.POWER_CLOCK_IRQHandler  nrfx_clock.o
    0x00026668   0x00000034   Code   RO         3113    i.RTC1_IRQHandler   app_timer.o
    0x0002669c   0x00000008   Code   RO         3114    i.SWI0_EGU0_IRQHandler  app_timer.o
    0x000266a4   0x00000008   Code   RO         4569    i.SWI2_EGU2_IRQHandler  nrf_sdh.o
    0x000266ac   0x00000040   Code   RO          656    i.SysTick_Handler   system.o
    0x000266ec   0x00000010   Code   RO         4801    i.SystemCoreClockUpdate  system_nrf52.o
    0x000266fc   0x00000298   Code   RO         4802    i.SystemInit        system_nrf52.o
    0x00026994   0x00000010   Code   RO         2336    i.UARTE0_UART0_IRQHandler  nrfx_prs.o
    0x000269a4   0x0000000e   Code   RO         4933    i.__scatterload_copy  mc_w.l(handlers.o)
    0x000269b2   0x00000002   Code   RO         4934    i.__scatterload_null  mc_w.l(handlers.o)
    0x000269b4   0x0000000e   Code   RO         4935    i.__scatterload_zeroinit  mc_w.l(handlers.o)
    0x000269c2   0x00000002   PAD
    0x000269c4   0x00000038   Code   RO         4570    i.__sd_nvic_app_accessible_irq  nrf_sdh.o
    0x000269fc   0x0000000c   Code   RO         3337    i.__sd_nvic_irq_disable  app_util_platform.o
    0x00026a08   0x0000001c   Code   RO         4571    i.__sd_nvic_is_app_accessible_priority  nrf_sdh.o
    0x00026a24   0x00000142   Code   RO          698    i.add_notification_characteristic  hub_service.o
    0x00026b66   0x000000f0   Code   RO          699    i.add_writable_characteristic  hub_service.o
    0x00026c56   0x00000002   PAD
    0x00026c58   0x000000d8   Code   RO          405    i.advertising_init  radio.o
    0x00026d30   0x0000002c   Code   RO          406    i.advertising_start  radio.o
    0x00026d5c   0x00000034   Code   RO         2841    i.app_button_disable  app_button.o
    0x00026d90   0x0000002c   Code   RO         2842    i.app_button_enable  app_button.o
    0x00026dbc   0x0000005c   Code   RO         2995    i.app_error_fault_handler  app_error_weak.o
    0x00026e18   0x0000001c   Code   RO         2935    i.app_error_handler_bare  app_error.o
    0x00026e34   0x0000003c   Code   RO         3117    i.app_timer_create  app_timer.o
    0x00026e70   0x0000005c   Code   RO         3118    i.app_timer_init    app_timer.o
    0x00026ecc   0x00000054   Code   RO         3121    i.app_timer_start   app_timer.o
    0x00026f20   0x00000030   Code   RO         3122    i.app_timer_stop    app_timer.o
    0x00026f50   0x0000000c   Code   RO         3338    i.app_util_critical_region_enter  app_util_platform.o
    0x00026f5c   0x00000048   Code   RO         3339    i.app_util_critical_region_exit  app_util_platform.o
    0x00026fa4   0x00000052   Code   RO          871    i.appearance_encode  ble_advdata.o
    0x00026ff6   0x0000016c   Code   RO          873    i.ble_advdata_encode  ble_advdata.o
    0x00027162   0x00000002   PAD
    0x00027164   0x0000009c   Code   RO          999    i.ble_conn_params_init  ble_conn_params.o
    0x00027200   0x00000076   Code   RO          879    i.ble_device_addr_encode  ble_advdata.o
    0x00027276   0x00000002   PAD
    0x00027278   0x00000178   Code   RO          408    i.ble_evt_handler   radio.o
    0x000273f0   0x00000040   Code   RO         1001    i.ble_evt_handler   ble_conn_params.o
    0x00027430   0x000000b4   Code   RO         1125    i.ble_evt_handler   ble_conn_state.o
    0x000274e4   0x00000012   Code   RO         1292    i.ble_srv_is_notification_enabled  ble_srv_common.o
    0x000274f6   0x0000002c   Code   RO          409    i.ble_stack_init    radio.o
    0x00027522   0x00000002   PAD
    0x00027524   0x000000a0   Code   RO          410    i.broadcast_packet  radio.o
    0x000275c4   0x0000002c   Code   RO          758    i.bsp_board_buttons_init  boards.o
    0x000275f0   0x0000001a   Code   RO          759    i.bsp_board_init    boards.o
    0x0002760a   0x00000002   PAD
    0x0002760c   0x00000014   Code   RO          762    i.bsp_board_led_off  boards.o
    0x00027620   0x00000014   Code   RO          763    i.bsp_board_led_on  boards.o
    0x00027634   0x00000030   Code   RO          765    i.bsp_board_leds_init  boards.o
    0x00027664   0x00000014   Code   RO          766    i.bsp_board_leds_off  boards.o
    0x00027678   0x00000010   Code   RO         1987    i.channel_handler_get  nrfx_gpiote.o
    0x00027688   0x0000000c   Code   RO         1989    i.channel_port_get  nrfx_gpiote.o
    0x00027694   0x00000030   Code   RO         1610    i.clock_clk_started_notify  nrf_drv_clock.o
    0x000276c4   0x00000028   Code   RO         1611    i.clock_irq_handler  nrf_drv_clock.o
    0x000276ec   0x00000090   Code   RO         3124    i.compare_reg_update  app_timer.o
    0x0002777c   0x0000003c   Code   RO         1126    i.conn_handle_list_get  ble_conn_state.o
    0x000277b8   0x0000005a   Code   RO          880    i.conn_int_check    ble_advdata.o
    0x00027812   0x00000068   Code   RO          881    i.conn_int_encode   ble_advdata.o
    0x0002787a   0x00000010   Code   RO          411    i.conn_params_error_handler  radio.o
    0x0002788a   0x00000002   PAD
    0x0002788c   0x00000058   Code   RO          412    i.conn_params_init  radio.o
    0x000278e4   0x00000054   Code   RO         1002    i.conn_params_negotiation  ble_conn_params.o
    0x00027938   0x0000002c   Code   RO         1358    i.data_length_update  nrf_ble_gatt.o
    0x00027964   0x00000008   Code   RO          294    i.discretize16      hub.o
    0x0002796c   0x00000010   Code   RO          295    i.discretize32      hub.o
    0x0002797c   0x00000064   Code   RO         3125    i.elapsed_ticks_acquire  app_timer.o
    0x000279e0   0x000000b0   Code   RO          259    i.enocean_switch_handler  enocean.o
    0x00027a90   0x00000054   Code   RO         4803    i.errata_108        system_nrf52.o
    0x00027ae4   0x00000054   Code   RO         4804    i.errata_12         system_nrf52.o
    0x00027b38   0x00000054   Code   RO         4805    i.errata_136        system_nrf52.o
    0x00027b8c   0x00000030   Code   RO         4806    i.errata_16         system_nrf52.o
    0x00027bbc   0x00000020   Code   RO         4807    i.errata_182        system_nrf52.o
    0x00027bdc   0x00000054   Code   RO         4808    i.errata_31         system_nrf52.o
    0x00027c30   0x00000030   Code   RO         4809    i.errata_32         system_nrf52.o
    0x00027c60   0x00000054   Code   RO         4810    i.errata_36         system_nrf52.o
    0x00027cb4   0x00000030   Code   RO         4811    i.errata_37         system_nrf52.o
    0x00027ce4   0x00000030   Code   RO         4812    i.errata_57         system_nrf52.o
    0x00027d14   0x00000030   Code   RO         4813    i.errata_66         system_nrf52.o
    0x00027d44   0x00000058   Code   RO         3126    i.expired_timers_handler  app_timer.o
    0x00027d9c   0x00000036   Code   RO          882    i.flags_encode      ble_advdata.o
    0x00027dd2   0x00000002   PAD
    0x00027dd4   0x00000078   Code   RO          413    i.gap_params_init   radio.o
    0x00027e4c   0x00000024   Code   RO          414    i.gatt_init         radio.o
    0x00027e70   0x0000002a   Code   RO          296    i.hub_output        hub.o
    0x00027e9a   0x00000002   PAD
    0x00027e9c   0x00000108   Code   RO          700    i.hub_service_init  hub_service.o
    0x00027fa4   0x0000001e   Code   RO          701    i.hub_service_on_ble_evt  hub_service.o
    0x00027fc2   0x00000002   PAD
    0x00027fc4   0x000000fc   Code   RO          298    i.inspired_packet_handler  hub.o
    0x000280c0   0x0000007c   Code   RO          299    i.inspired_packet_send  hub.o
    0x0002813c   0x0000002c   Code   RO          300    i.inspired_packet_send_assign_group  hub.o
    0x00028168   0x00000034   Code   RO          301    i.inspired_packet_send_assign_switch  hub.o
    0x0002819c   0x00000038   Code   RO          302    i.inspired_packet_send_change_state  hub.o
    0x000281d4   0x00000020   Code   RO          303    i.inspired_packet_send_hello_node  hub.o
    0x000281f4   0x00000020   Code   RO          304    i.inspired_packet_send_node_my_node  hub.o
    0x00028214   0x00000034   Code   RO          305    i.inspired_packet_send_remove_switch  hub.o
    0x00028248   0x0000002c   Code   RO         1003    i.instance_get      ble_conn_params.o
    0x00028274   0x00000072   Code   RO         1004    i.is_conn_params_ok  ble_conn_params.o
    0x000282e6   0x0000000c   Code   RO         1614    i.item_dequeue      nrf_drv_clock.o
    0x000282f2   0x0000000a   Code   RO            6    i.leds_init         main.o
    0x000282fc   0x00000014   Code   RO         1616    i.lfclk_stop        nrf_drv_clock.o
    0x00028310   0x00000014   Code   RO         1359    i.link_init         nrf_ble_gatt.o
    0x00028324   0x0000013c   Code   RO         3127    i.list_insertions_handler  app_timer.o
    0x00028460   0x00000044   Code   RO            7    i.main              main.o
    0x000284a4   0x00000076   Code   RO          883    i.manuf_specific_data_encode  ble_advdata.o
    0x0002851a   0x00000002   PAD
    0x0002851c   0x00000054   Code   RO          415    i.multi_qwr_conn_handle_assign  radio.o
    0x00028570   0x000000be   Code   RO          884    i.name_encode       ble_advdata.o
    0x0002862e   0x0000001e   Code   RO         3536    i.nrf_atflags_clear  nrf_atflags.o
    0x0002864c   0x0000001e   Code   RO         3541    i.nrf_atflags_get   nrf_atflags.o
    0x0002866a   0x0000001e   Code   RO         3543    i.nrf_atflags_set   nrf_atflags.o
    0x00028688   0x00000016   Code   RO         3608    i.nrf_atomic_u32_and  nrf_atomic.o
    0x0002869e   0x00000016   Code   RO         3617    i.nrf_atomic_u32_or  nrf_atomic.o
    0x000286b4   0x00000016   Code   RO         1990    i.nrf_bitmask_bit_is_set  nrfx_gpiote.o
    0x000286ca   0x00000016   Code   RO         1991    i.nrf_bitmask_bit_set  nrfx_gpiote.o
    0x000286e0   0x00000034   Code   RO         1365    i.nrf_ble_gatt_init  nrf_ble_gatt.o
    0x00028714   0x000000ae   Code   RO         1366    i.nrf_ble_gatt_on_ble_evt  nrf_ble_gatt.o
    0x000287c2   0x00000020   Code   RO         1478    i.nrf_ble_qwr_conn_handle_assign  nrf_ble_qwr.o
    0x000287e2   0x00000032   Code   RO         1479    i.nrf_ble_qwr_init  nrf_ble_qwr.o
    0x00028814   0x0000007c   Code   RO         1480    i.nrf_ble_qwr_on_ble_evt  nrf_ble_qwr.o
    0x00028890   0x00000012   Code   RO         1829    i.nrf_clock_event_check  nrfx_clock.o
    0x000288a2   0x00000012   Code   RO         1830    i.nrf_clock_event_clear  nrfx_clock.o
    0x000288b4   0x0000000c   Code   RO         1831    i.nrf_clock_int_disable  nrfx_clock.o
    0x000288c0   0x00000008   Code   RO         1833    i.nrf_clock_task_trigger  nrfx_clock.o
    0x000288c8   0x00000040   Code   RO         1622    i.nrf_drv_clock_init  nrf_drv_clock.o
    0x00028908   0x00000030   Code   RO         1626    i.nrf_drv_clock_lfclk_release  nrf_drv_clock.o
    0x00028938   0x00000028   Code   RO          770    i.nrf_gpio_cfg      boards.o
    0x00028960   0x00000032   Code   RO         1994    i.nrf_gpio_cfg_sense_set  nrfx_gpiote.o
    0x00028992   0x00000018   Code   RO         1996    i.nrf_gpio_pin_read  nrfx_gpiote.o
    0x000289aa   0x00000016   Code   RO          306    i.nrf_gpio_pin_set  hub.o
    0x000289c0   0x0000003a   Code   RO          771    i.nrf_gpio_pin_write  boards.o
    0x000289fa   0x00000002   PAD
    0x000289fc   0x00000028   Code   RO         1998    i.nrf_gpio_ports_read  nrfx_gpiote.o
    0x00028a24   0x0000000c   Code   RO         1999    i.nrf_gpiote_event_addr_get  nrfx_gpiote.o
    0x00028a30   0x0000001c   Code   RO         2000    i.nrf_gpiote_event_clear  nrfx_gpiote.o
    0x00028a4c   0x00000016   Code   RO         2001    i.nrf_gpiote_event_is_set  nrfx_gpiote.o
    0x00028a62   0x00000002   PAD
    0x00028a64   0x0000000c   Code   RO         2002    i.nrf_gpiote_int_enable  nrfx_gpiote.o
    0x00028a70   0x00000010   Code   RO          416    i.nrf_qwr_error_handler  radio.o
    0x00028a80   0x00000018   Code   RO         4707    i.nrf_sdh_ble_app_ram_start_get  nrf_sdh_ble.o
    0x00028a98   0x000000a4   Code   RO         4708    i.nrf_sdh_ble_default_cfg_set  nrf_sdh_ble.o
    0x00028b3c   0x00000024   Code   RO         4709    i.nrf_sdh_ble_enable  nrf_sdh_ble.o
    0x00028b60   0x00000070   Code   RO         4710    i.nrf_sdh_ble_evts_poll  nrf_sdh_ble.o
    0x00028bd0   0x00000088   Code   RO         4573    i.nrf_sdh_enable_request  nrf_sdh.o
    0x00028c58   0x00000030   Code   RO         4574    i.nrf_sdh_evts_poll  nrf_sdh.o
    0x00028c88   0x0000000c   Code   RO         4575    i.nrf_sdh_is_enabled  nrf_sdh.o
    0x00028c94   0x00000054   Code   RO         4763    i.nrf_sdh_soc_evts_poll  nrf_sdh_soc.o
    0x00028ce8   0x00000006   Code   RO         4580    i.nrf_section_iter_get  nrf_sdh.o
    0x00028cee   0x00000014   Code   RO         4030    i.nrf_section_iter_init  nrf_section_iter.o
    0x00028d02   0x0000002e   Code   RO         4031    i.nrf_section_iter_item_set  nrf_section_iter.o
    0x00028d30   0x0000002e   Code   RO         4032    i.nrf_section_iter_next  nrf_section_iter.o
    0x00028d5e   0x00000002   PAD
    0x00028d60   0x00000014   Code   RO         1839    i.nrfx_clock_enable  nrfx_clock.o
    0x00028d74   0x00000024   Code   RO         1842    i.nrfx_clock_init   nrfx_clock.o
    0x00028d98   0x00000020   Code   RO         1845    i.nrfx_clock_lfclk_stop  nrfx_clock.o
    0x00028db8   0x00000018   Code   RO         3128    i.nrfx_coredep_delay_us  app_timer.o
    0x00028dd0   0x00000054   Code   RO         2008    i.nrfx_gpiote_in_event_disable  nrfx_gpiote.o
    0x00028e24   0x000000ac   Code   RO         2009    i.nrfx_gpiote_in_event_enable  nrfx_gpiote.o
    0x00028ed0   0x00000098   Code   RO         1847    i.nrfx_power_clock_irq_init  nrfx_clock.o
    0x00028f68   0x00000018   Code   RO          417    i.observe_start     radio.o
    0x00028f80   0x00000098   Code   RO          418    i.on_adv_report     radio.o
    0x00029018   0x00000030   Code   RO         1005    i.on_conn_params_update  ble_conn_params.o
    0x00029048   0x00000070   Code   RO         1006    i.on_connect        ble_conn_params.o
    0x000290b8   0x00000066   Code   RO         1367    i.on_connected_evt  nrf_ble_gatt.o
    0x0002911e   0x00000002   PAD
    0x00029120   0x00000054   Code   RO         1368    i.on_data_length_update_evt  nrf_ble_gatt.o
    0x00029174   0x00000030   Code   RO         1369    i.on_data_length_update_request_evt  nrf_ble_gatt.o
    0x000291a4   0x00000032   Code   RO         1007    i.on_disconnect     ble_conn_params.o
    0x000291d6   0x00000014   Code   RO         1370    i.on_disconnected_evt  nrf_ble_gatt.o
    0x000291ea   0x00000002   PAD
    0x000291ec   0x0000006c   Code   RO         1371    i.on_exchange_mtu_request_evt  nrf_ble_gatt.o
    0x00029258   0x00000064   Code   RO         1372    i.on_exchange_mtu_rsp_evt  nrf_ble_gatt.o
    0x000292bc   0x0000006a   Code   RO         1481    i.on_rw_authorize_request  nrf_ble_qwr.o
    0x00029326   0x00000002   Code   RO         1482    i.on_user_mem_release  nrf_ble_qwr.o
    0x00029328   0x00000020   Code   RO         1483    i.on_user_mem_request  nrf_ble_qwr.o
    0x00029348   0x000000a8   Code   RO          703    i.on_write          hub_service.o
    0x000293f0   0x00000058   Code   RO         1008    i.on_write          ble_conn_params.o
    0x00029448   0x00000050   Code   RO          419    i.packet_buffer_pop  radio.o
    0x00029498   0x000000ac   Code   RO          420    i.packet_buffer_push  radio.o
    0x00029544   0x00000048   Code   RO          421    i.packet_handler    radio.o
    0x0002958c   0x00000010   Code   RO          422    i.packet_handler_init  radio.o
    0x0002959c   0x00000018   Code   RO          424    i.packet_push_outbox  radio.o
    0x000295b4   0x00000016   Code   RO          425    i.packet_restore_previous  radio.o
    0x000295ca   0x00000002   PAD
    0x000295cc   0x00000018   Code   RO         2032    i.pin_in_use_by_port  nrfx_gpiote.o
    0x000295e4   0x00000020   Code   RO         2033    i.pin_in_use_by_te  nrfx_gpiote.o
    0x00029604   0x00000028   Code   RO         1128    i.record_activate   ble_conn_state.o
    0x0002962c   0x00000020   Code   RO         1129    i.record_invalidate  ble_conn_state.o
    0x0002964c   0x00000048   Code   RO         1130    i.record_purge_disconnected  ble_conn_state.o
    0x00029694   0x00000014   Code   RO         1131    i.record_set_disconnected  ble_conn_state.o
    0x000296a8   0x0000000c   Code   RO         3129    i.rtc1_compare0_set  app_timer.o
    0x000296b4   0x0000000c   Code   RO         3130    i.rtc1_counter_get  app_timer.o
    0x000296c0   0x00000018   Code   RO         3131    i.rtc1_init         app_timer.o
    0x000296d8   0x0000003c   Code   RO         3132    i.rtc1_start        app_timer.o
    0x00029714   0x00000058   Code   RO         3133    i.rtc1_stop         app_timer.o
    0x0002976c   0x00000088   Code   RO         4581    i.sd_nvic_EnableIRQ  nrf_sdh.o
    0x000297f4   0x00000050   Code   RO         4582    i.sd_nvic_SetPriority  nrf_sdh.o
    0x00029844   0x00000068   Code   RO         3344    i.sd_nvic_critical_region_enter  app_util_platform.o
    0x000298ac   0x00000068   Code   RO         1629    i.sd_state_evt_handler  nrf_drv_clock.o
    0x00029914   0x0000003c   Code   RO         4583    i.sdh_request_observer_notify  nrf_sdh.o
    0x00029950   0x00000034   Code   RO         4584    i.sdh_state_observer_notify  nrf_sdh.o
    0x00029984   0x00000018   Code   RO         1009    i.send_error_evt    ble_conn_params.o
    0x0002999c   0x00000024   Code   RO         1010    i.send_update_request  ble_conn_params.o
    0x000299c0   0x00000096   Code   RO          885    i.service_data_encode  ble_advdata.o
    0x00029a56   0x00000042   Code   RO          426    i.service_handler_assign_group  radio.o
    0x00029a98   0x00000046   Code   RO          427    i.service_handler_assign_switch  radio.o
    0x00029ade   0x00000054   Code   RO          428    i.service_handler_change_state  radio.o
    0x00029b32   0x00000046   Code   RO          429    i.service_handler_remove_switch  radio.o
    0x00029b78   0x00000010   Code   RO          430    i.service_handler_set_time  radio.o
    0x00029b88   0x00000098   Code   RO          431    i.services_init     radio.o
    0x00029c20   0x0000001c   Code   RO         1630    i.soc_evt_handler   nrf_drv_clock.o
    0x00029c3c   0x0000001e   Code   RO         4586    i.softdevices_evt_irq_enable  nrf_sdh.o
    0x00029c5a   0x0000003c   Code   RO         4587    i.swi_interrupt_priority_workaround  nrf_sdh.o
    0x00029c96   0x00000002   PAD
    0x00029c98   0x00000078   Code   RO          657    i.sys_init          system.o
    0x00029d10   0x00000028   Code   RO          658    i.sys_task          system.o
    0x00029d38   0x0000000a   Code   RO         3134    i.ticks_diff_get    app_timer.o
    0x00029d42   0x0000000c   Code   RO         3135    i.timeout_handler_exec  app_timer.o
    0x00029d4e   0x00000002   PAD
    0x00029d50   0x00000050   Code   RO         3136    i.timer_list_handler  app_timer.o
    0x00029da0   0x0000000a   Code   RO         3137    i.timer_list_handler_sched  app_timer.o
    0x00029daa   0x00000002   PAD
    0x00029dac   0x00000068   Code   RO         3138    i.timer_list_insert  app_timer.o
    0x00029e14   0x00000088   Code   RO         3139    i.timer_list_remove  app_timer.o
    0x00029e9c   0x0000005e   Code   RO         3140    i.timer_start_op_schedule  app_timer.o
    0x00029efa   0x00000042   Code   RO         3141    i.timer_stop_op_schedule  app_timer.o
    0x00029f3c   0x00000098   Code   RO         3142    i.timer_timeouts_check  app_timer.o
    0x00029fd4   0x0000000a   Code   RO         3143    i.timer_timeouts_check_sched  app_timer.o
    0x00029fde   0x0000000e   Code   RO            8    i.timers_init       main.o
    0x00029fec   0x00000036   Code   RO          886    i.tx_power_level_encode  ble_advdata.o
    0x0002a022   0x0000000c   Code   RO         1297    i.uint16_decode     ble_srv_common.o
    0x0002a02e   0x0000000c   Code   RO          887    i.uint16_encode     ble_advdata.o
    0x0002a03a   0x00000002   PAD
    0x0002a03c   0x00000074   Code   RO         1011    i.update_timeout_handler  ble_conn_params.o
    0x0002a0b0   0x0000002c   Code   RO         1484    i.user_mem_reply    nrf_ble_qwr.o
    0x0002a0dc   0x0000003c   Code   RO         3144    i.user_op_alloc     app_timer.o
    0x0002a118   0x0000000c   Code   RO         3145    i.user_op_enque     app_timer.o
    0x0002a124   0x0000004e   Code   RO          888    i.uuid_list_encode  ble_advdata.o
    0x0002a172   0x000000d6   Code   RO          889    i.uuid_list_sized_encode  ble_advdata.o
    0x0002a248   0x00000004   Data   RO          433    .constdata          radio.o
    0x0002a24c   0x00000010   Data   RO          704    .constdata          hub_service.o
    0x0002a25c   0x00000008   Data   RO          772    .constdata          boards.o
    0x0002a264   0x00000016   Data   RO         1373    .constdata          nrf_ble_gatt.o
    0x0002a27a   0x00000002   PAD
    0x0002a27c   0x0000003e   Data   RO         2036    .constdata          nrfx_gpiote.o
    0x0002a2ba   0x00000002   PAD
    0x0002a2bc   0x00000007   Data   RO         2848    .constdata          app_button.o
    0x0002a2c3   0x0000000d   PAD
    0x0002a2d0   0x00000006   Data   RO         3147    .constdata          app_timer.o
    0x0002a2d6   0x00000002   PAD
    0x0002a2d8   0x00000058   Data   RO         4588    .constdata          nrf_sdh.o
    0x0002a330   0x00000030   Data   RO         4712    .constdata          nrf_sdh_ble.o
    0x0002a360   0x0000001c   Data   RO         4764    .constdata          nrf_sdh_soc.o
    0x0002a37c   0x00000020   Data   RO         4931    Region$$Table       anon$$obj.o
    0x0002a39c   0x00000008   Data   RO         1134    sdh_ble_observers0  ble_conn_state.o
    0x0002a3a4   0x00000008   Data   RO          435    sdh_ble_observers1  radio.o
    0x0002a3ac   0x00000008   Data   RO         1014    sdh_ble_observers1  ble_conn_params.o
    0x0002a3b4   0x00000020   Data   RO          436    sdh_ble_observers2  radio.o
    0x0002a3d4   0x00000008   Data   RO          437    sdh_ble_observers3  radio.o
    0x0002a3dc   0x00000008   Data   RO         1633    sdh_soc_observers0  nrf_drv_clock.o
    0x0002a3e4   0x00000008   Data   RO         4714    sdh_stack_observers0  nrf_sdh_ble.o
    0x0002a3ec   0x00000008   Data   RO         4765    sdh_stack_observers0  nrf_sdh_soc.o
    0x0002a3f4   0x00000008   Data   RO         1634    sdh_state_observers0  nrf_drv_clock.o


    Execution Region RW_IRAM1 (Base: 0x20004f58, Size: 0x00004478, Max: 0x0000b0a8, ABSOLUTE)

    Base Addr    Size         Type   Attr      Idx    E Section Name        Object

    0x20004f58   0x0000003a   Data   RW          434    .data               radio.o
    0x20004f92   0x00000008   Data   RW         1013    .data               ble_conn_params.o
    0x20004f9a   0x00000002   PAD
    0x20004f9c   0x00000008   Data   RW         1849    .data               nrfx_clock.o
    0x20004fa4   0x00000008   Data   RW         2341    .data               nrfx_prs.o
    0x20004fac   0x00000004   PAD
    0x20004fb0   0x00000020   Data   RW         2849    .data               app_button.o
    0x20004fd0   0x00000014   Data   RW         3148    .data               app_timer.o
    0x20004fe4   0x00000003   Data   RW         4589    .data               nrf_sdh.o
    0x20004fe7   0x00000001   Data   RW         4713    .data               nrf_sdh_ble.o
    0x20004fe8   0x00000004   Data   RW         4814    .data               system_nrf52.o
    0x20004fec   0x00001df4   Zero   RW          307    .bss                hub.o
    0x20006de0   0x0000032c   Zero   RW          432    .bss                radio.o
    0x2000710c   0x00000054   Zero   RW          659    .bss                system.o
    0x20007160   0x00000050   Zero   RW         1012    .bss                ble_conn_params.o
    0x200071b0   0x00000078   Zero   RW         1133    .bss                ble_conn_state.o
    0x20007228   0x00000014   Zero   RW         1631    .bss                nrf_drv_clock.o
    0x2000723c   0x0000005c   Zero   RW         2035    .bss                nrfx_gpiote.o
    0x20007298   0x00000020   Zero   RW         2847    .bss                app_button.o
    0x200072b8   0x0000010c   Zero   RW         3146    .bss                app_timer.o
    0x200073c4   0x0000000c   Zero   RW         3345    .bss                app_util_platform.o
    0x200073d0   0x00002000   Zero   RW         4791    STACK               arm_startup_nrf52.o


==============================================================================

Image component sizes


      Code (inc. data)   RO Data    RW Data    ZI Data      Debug   Object Name

        96         24          7         32         32      35745   app_button.o
        28          0          0          0          0       2409   app_error.o
        92         10          0          0          0      30537   app_error_weak.o
      2068        242          6         20        268      52763   app_timer.o
       200         24          0          0         12      10138   app_util_platform.o
        36          8        512          0       8192        896   arm_startup_nrf52.o
      1628          0          0          0          0      38327   ble_advdata.o
       936         56          8          8         80      14867   ble_conn_params.o
       404         28          8          0        120       6735   ble_conn_state.o
        30          0          0          0          0      23936   ble_srv_common.o
       276         18          8          0          0       9605   boards.o
       176          6          0          0          0       2204   enocean.o
       732         54          0          0       7668      13646   hub.o
      1024          4         16          0          0       6832   hub_service.o
        92          6          0          0          0     115005   main.o
        90          0          0          0          0       2996   nrf_atflags.o
       270          0          0          0          0       3293   nrf_atomic.o
       752         16         22          0          0      37226   nrf_ble_gatt.o
       390          0          0          0          0       7477   nrf_ble_qwr.o
       364         48         16          0         20      39738   nrf_drv_clock.o
         0          0          0          0          0       1648   nrf_pwr_mgmt.o
       712         62         88          3          0      40237   nrf_sdh.o
       336         20         56          1          0       5585   nrf_sdh_ble.o
        84          4         36          0          0       2512   nrf_sdh_soc.o
       112          0          0          0          0       2708   nrf_section_iter.o
       380         38          0          8          0      41018   nrfx_clock.o
      1112         66         62          0         92      57864   nrfx_gpiote.o
        16          6          0          8          0       1910   nrfx_prs.o
      2220        116         52         58        812      77209   radio.o
       224         20          0          0         84      29091   system.o
      1372        142          0          4          0       8119   system_nrf52.o

    ----------------------------------------------------------------------
     16296       1018        948        148      17380     722276   Object Totals
         0          0         32          0          0          0   (incl. Generated)
        44          0         19          6          0          0   (incl. Padding)

    ----------------------------------------------------------------------

      Code (inc. data)   RO Data    RW Data    ZI Data      Debug   Library Member Name

         0          0          0          0          0          0   entry.o
         0          0          0          0          0          0   entry10a.o
         0          0          0          0          0          0   entry11a.o
         8          4          0          0          0          0   entry2.o
         4          0          0          0          0          0   entry5.o
         0          0          0          0          0          0   entry7b.o
         0          0          0          0          0          0   entry8b.o
         8          4          0          0          0          0   entry9a.o
        30          0          0          0          0          0   handlers.o
        36          8          0          0          0         68   init.o
        36          0          0          0          0         68   memcpya.o
        36          0          0          0          0        108   memseta.o

    ----------------------------------------------------------------------
       160         16          0          0          0        244   Library Totals
         2          0          0          0          0          0   (incl. Padding)

    ----------------------------------------------------------------------

      Code (inc. data)   RO Data    RW Data    ZI Data      Debug   Library Name

       158         16          0          0          0        244   mc_w.l

    ----------------------------------------------------------------------
       160         16          0          0          0        244   Library Totals

    ----------------------------------------------------------------------

==============================================================================


      Code (inc. data)   RO Data    RW Data    ZI Data      Debug   

     16456       1034        948        148      17380     701072   Grand Totals
     16456       1034        948        148      17380     701072   ELF Image Totals
     16456       1034        948        148          0          0   ROM Totals

==============================================================================

    Total RO  Size (Code + RO Data)                17404 (  17.00kB)
    Total RW  Size (RW Data + ZI Data)             17528 (  17.12kB)
    Total ROM Size (Code + RO Data + RW Data)      17552 (  17.14kB)

==============================================================================

